Standard:
epoch,train_loss,val_loss,val_acc,top5_acc
0,4.4114,4.5971,0.0108,0.0608
1,4.1481,4.5659,0.0192,0.0774
2,3.9321,4.5297,0.0240,0.0877
3,3.7783,4.4858,0.0279,0.0982
4,3.6128,4.4343,0.0309,0.1293
5,3.4968,4.3747,0.0359,0.1592
6,3.3752,4.3121,0.0399,0.1878
7,3.2273,4.2448,0.0502,0.2235
8,3.2333,4.1744,0.0598,0.2578
9,3.1083,4.0995,0.0768,0.2891
10,3.0746,4.0286,0.0910,0.3189
11,3.0681,3.9513,0.1096,0.3516
12,3.0036,3.8710,0.1251,0.3752
13,2.8672,3.7841,0.1435,0.4031
14,2.8858,3.6908,0.1636,0.4338
15,2.8818,3.5928,0.1818,0.4684
16,2.7847,3.4905,0.2065,0.5013
17,2.8031,3.3823,0.2293,0.5370
18,2.7512,3.2746,0.2531,0.5686
19,2.6659,3.1672,0.2793,0.5963
20,2.6482,3.0599,0.3025,0.6222
21,2.7031,2.9549,0.3265,0.6434
22,2.5379,2.8522,0.3484,0.6644
23,2.6043,2.7513,0.3675,0.6867
24,2.5078,2.6512,0.3877,0.7033
25,2.5246,2.5551,0.4064,0.7211
26,2.4640,2.4650,0.4242,0.7338
27,2.4399,2.3797,0.4400,0.7482
28,2.3943,2.2995,0.4540,0.7597
29,2.4372,2.2242,0.4687,0.7726
30,2.3525,2.1523,0.4840,0.7830
31,2.3215,2.0856,0.4964,0.7925
32,2.3166,2.0232,0.5062,0.8025
33,2.3611,1.9644,0.5175,0.8098
34,2.3340,1.9100,0.5276,0.8177
35,2.2119,1.8578,0.5380,0.8263
36,2.2809,1.8085,0.5481,0.8320
37,2.2182,1.7618,0.5551,0.8372
38,2.2315,1.7182,0.5636,0.8436
39,2.1634,1.6764,0.5726,0.8491
40,2.2028,1.6369,0.5788,0.8522
41,2.1980,1.5997,0.5860,0.8571
42,2.1670,1.5654,0.5922,0.8611
43,2.1157,1.5330,0.6002,0.8665
44,2.0703,1.5025,0.6067,0.8700
45,2.1036,1.4737,0.6124,0.8730
46,2.1410,1.4473,0.6171,0.8756
47,2.0295,1.4218,0.6230,0.8785
48,2.0622,1.3983,0.6292,0.8810
49,2.0212,1.3760,0.6343,0.8836
50,1.9993,1.3556,0.6387,0.8854
51,1.9986,1.3364,0.6451,0.8873
52,1.9530,1.3181,0.6488,0.8897
53,1.9146,1.3009,0.6526,0.8910
54,1.9483,1.2847,0.6557,0.8928
55,1.9219,1.2698,0.6598,0.8939
56,1.9129,1.2556,0.6637,0.8950
57,1.8916,1.2427,0.6658,0.8967
58,1.9318,1.2306,0.6695,0.8977
59,1.9363,1.2193,0.6716,0.8989
60,1.9068,1.2089,0.6738,0.9002
61,1.8103,1.1992,0.6761,0.9011
62,1.8519,1.1899,0.6777,0.9015
63,1.8385,1.1813,0.6792,0.9025
64,1.8075,1.1732,0.6809,0.9035
65,1.9169,1.1660,0.6839,0.9052
66,1.8228,1.1590,0.6871,0.9058
67,1.8543,1.1528,0.6898,0.9073
68,1.7495,1.1469,0.6920,0.9082
69,1.8389,1.1415,0.6932,0.9088
70,1.7170,1.1364,0.6946,0.9087
71,1.7142,1.1318,0.6970,0.9090
72,1.8222,1.1276,0.6982,0.9091
73,1.7536,1.1237,0.6999,0.9097
74,1.7895,1.1204,0.7009,0.9101
75,1.8411,1.1173,0.7024,0.9111
76,1.7612,1.1146,0.7027,0.9114
77,1.6979,1.1120,0.7046,0.9124
78,1.8392,1.1097,0.7064,0.9123
79,1.7503,1.1076,0.7064,0.9124
80,1.7348,1.1058,0.7072,0.9124
81,1.8358,1.1042,0.7078,0.9126
82,1.7163,1.1028,0.7081,0.9122
83,1.6655,1.1018,0.7098,0.9121
84,1.7474,1.1009,0.7092,0.9122
85,1.7418,1.1002,0.7102,0.9125
86,1.6835,1.0997,0.7110,0.9124
87,1.7056,1.0994,0.7119,0.9121
88,1.5997,1.0992,0.7114,0.9119
89,1.5890,1.0991,0.7112,0.9120
90,1.6556,1.0992,0.7113,0.9117
91,1.6928,1.0993,0.7120,0.9119
92,1.6743,1.0996,0.7128,0.9118
93,1.7391,1.1001,0.7130,0.9115
94,1.7472,1.1006,0.7131,0.9123
95,1.7437,1.1012,0.7134,0.9119
96,1.6466,1.1019,0.7140,0.9117
97,1.6840,1.1025,0.7139,0.9111
98,1.5950,1.1033,0.7131,0.9110
99,1.6554,1.1041,0.7133,0.9107
100,2.0327,1.1020,0.7138,0.9113
101,2.1024,1.0984,0.7152,0.9122
102,2.0876,1.0951,0.7151,0.9126
103,2.1386,1.0919,0.7154,0.9129
104,2.0269,1.0891,0.7161,0.9136
105,2.1284,1.0863,0.7163,0.9137
106,2.0653,1.0837,0.7166,0.9136
107,2.0583,1.0811,0.7167,0.9150
108,2.0578,1.0789,0.7169,0.9147
109,2.1408,1.0766,0.7164,0.9144
110,2.0238,1.0742,0.7173,0.9149
111,2.0535,1.0720,0.7178,0.9159
112,1.9786,1.0700,0.7173,0.9157
113,1.9628,1.0682,0.7178,0.9161
114,2.0007,1.0666,0.7188,0.9165
115,1.9607,1.0648,0.7190,0.9179
116,1.9834,1.0631,0.7181,0.9182
117,2.0435,1.0619,0.7188,0.9183
118,1.9507,1.0606,0.7184,0.9181
119,2.0069,1.0595,0.7181,0.9185
120,2.0308,1.0586,0.7187,0.9187
121,2.0226,1.0575,0.7202,0.9188
122,1.9485,1.0556,0.7201,0.9194
123,2.0220,1.0541,0.7212,0.9196
124,1.9559,1.0527,0.7218,0.9193
125,1.9654,1.0518,0.7216,0.9199
126,1.9617,1.0505,0.7226,0.9201
127,1.9890,1.0498,0.7235,0.9200
128,1.9981,1.0489,0.7247,0.9188
129,1.8637,1.0481,0.7257,0.9188
130,2.0123,1.0472,0.7253,0.9191
131,1.9119,1.0466,0.7255,0.9191
132,1.8993,1.0459,0.7245,0.9187
133,1.9125,1.0448,0.7254,0.9184
134,1.7829,1.0440,0.7253,0.9181
135,1.8700,1.0434,0.7253,0.9181
136,2.0258,1.0427,0.7261,0.9181
137,1.8875,1.0420,0.7263,0.9180
138,1.9228,1.0412,0.7265,0.9187
139,1.7926,1.0406,0.7271,0.9184
140,1.9288,1.0401,0.7269,0.9182
141,1.9318,1.0397,0.7287,0.9180
142,1.8626,1.0396,0.7294,0.9177
143,1.7754,1.0398,0.7288,0.9172
144,1.8760,1.0400,0.7289,0.9177
145,1.8187,1.0398,0.7294,0.9182
146,1.8608,1.0394,0.7300,0.9187
147,1.8061,1.0390,0.7302,0.9182
148,1.8590,1.0385,0.7293,0.9189
149,1.8437,1.0378,0.7298,0.9191
150,1.8615,1.0368,0.7303,0.9189
151,1.8438,1.0361,0.7304,0.9193
152,1.8351,1.0357,0.7306,0.9190
153,1.8595,1.0353,0.7308,0.9192
154,1.7827,1.0352,0.7315,0.9191
155,1.8011,1.0349,0.7309,0.9194
156,1.7032,1.0347,0.7315,0.9200
157,1.8207,1.0343,0.7320,0.9198
158,1.8254,1.0337,0.7328,0.9201
159,1.8775,1.0330,0.7326,0.9206
160,1.8845,1.0325,0.7332,0.9206
161,1.7301,1.0319,0.7331,0.9202
162,1.7472,1.0318,0.7336,0.9206
163,1.7150,1.0316,0.7327,0.9203
164,1.6476,1.0318,0.7322,0.9209
165,1.7170,1.0318,0.7329,0.9205
166,1.7672,1.0319,0.7328,0.9201
167,1.7609,1.0317,0.7335,0.9204
168,1.5988,1.0314,0.7336,0.9206
169,1.7644,1.0313,0.7344,0.9200
170,1.7494,1.0311,0.7348,0.9195
171,1.7296,1.0314,0.7338,0.9197
172,1.6729,1.0315,0.7348,0.9202
173,1.7306,1.0314,0.7345,0.9205
174,1.7374,1.0318,0.7341,0.9205
175,1.7062,1.0317,0.7341,0.9211
176,1.7574,1.0315,0.7356,0.9208
177,1.6837,1.0310,0.7353,0.9213
178,1.7591,1.0311,0.7364,0.9216
179,1.6699,1.0309,0.7361,0.9217
180,1.6396,1.0308,0.7370,0.9212
181,1.7156,1.0307,0.7376,0.9217
182,1.7140,1.0307,0.7376,0.9220
183,1.7002,1.0309,0.7380,0.9220
184,1.6724,1.0310,0.7388,0.9225
185,1.7240,1.0311,0.7390,0.9228
186,1.6573,1.0311,0.7387,0.9225
187,1.6289,1.0311,0.7376,0.9221
188,1.6381,1.0313,0.7388,0.9222
189,1.6593,1.0313,0.7390,0.9228
190,1.6361,1.0311,0.7400,0.9223
191,1.6239,1.0311,0.7408,0.9223
192,1.5984,1.0315,0.7414,0.9217
193,1.5866,1.0321,0.7414,0.9216
194,1.6923,1.0324,0.7413,0.9209
195,1.6013,1.0326,0.7416,0.9214
196,1.7203,1.0331,0.7420,0.9213
197,1.5810,1.0336,0.7411,0.9210
198,1.5978,1.0341,0.7417,0.9211
199,1.5776,1.0346,0.7419,0.9209
200,1.5887,1.0352,0.7423,0.9211
201,1.5382,1.0357,0.7426,0.9206
202,1.6739,1.0361,0.7423,0.9205
203,1.6005,1.0368,0.7413,0.9205
204,1.5947,1.0371,0.7414,0.9202
205,1.5557,1.0374,0.7412,0.9203
206,1.6289,1.0379,0.7416,0.9205
207,1.5849,1.0384,0.7414,0.9204
208,1.4560,1.0392,0.7414,0.9206
209,1.5744,1.0399,0.7414,0.9206
210,1.5857,1.0404,0.7415,0.9213
211,1.5799,1.0411,0.7422,0.9205
212,1.5077,1.0419,0.7426,0.9202
213,1.5356,1.0424,0.7433,0.9201
214,1.5563,1.0430,0.7436,0.9201
215,1.5507,1.0436,0.7438,0.9202
216,1.5738,1.0441,0.7440,0.9201
217,1.5233,1.0450,0.7443,0.9203
218,1.5033,1.0458,0.7440,0.9206
219,1.5315,1.0464,0.7434,0.9205
220,1.5299,1.0467,0.7436,0.9205
221,1.5553,1.0472,0.7441,0.9203
222,1.4673,1.0480,0.7435,0.9200
223,1.4313,1.0484,0.7448,0.9202
224,1.5142,1.0491,0.7452,0.9202
225,1.5160,1.0498,0.7452,0.9203
226,1.4492,1.0507,0.7448,0.9202
227,1.5455,1.0513,0.7445,0.9201
228,1.4048,1.0518,0.7449,0.9204
229,1.4209,1.0524,0.7437,0.9209
230,1.3695,1.0530,0.7432,0.9206
231,1.4929,1.0537,0.7435,0.9199
232,1.5218,1.0540,0.7438,0.9201
233,1.4649,1.0545,0.7444,0.9197
234,1.4050,1.0553,0.7448,0.9194
235,1.4890,1.0559,0.7443,0.9191
236,1.4462,1.0564,0.7447,0.9193
237,1.4384,1.0569,0.7445,0.9189
238,1.3380,1.0577,0.7452,0.9191
239,1.4340,1.0585,0.7457,0.9196
240,1.4346,1.0591,0.7457,0.9195
241,1.4793,1.0597,0.7454,0.9196
242,1.4307,1.0604,0.7450,0.9195
243,1.4522,1.0614,0.7449,0.9192
244,1.4111,1.0620,0.7448,0.9188
245,1.4313,1.0627,0.7457,0.9187
246,1.4830,1.0634,0.7455,0.9187
247,1.3605,1.0641,0.7459,0.9188
248,1.4375,1.0647,0.7457,0.9188
249,1.4263,1.0654,0.7457,0.9190
250,1.4023,1.0659,0.7449,0.9188
251,1.3701,1.0666,0.7453,0.9190
252,1.4647,1.0673,0.7443,0.9188
253,1.2951,1.0681,0.7446,0.9185
254,1.3702,1.0690,0.7448,0.9188
255,1.4145,1.0702,0.7456,0.9191
256,1.3635,1.0711,0.7452,0.9186
257,1.3976,1.0721,0.7459,0.9185
258,1.3766,1.0729,0.7458,0.9185
259,1.4052,1.0736,0.7458,0.9180
260,1.3062,1.0742,0.7469,0.9180
261,1.3757,1.0750,0.7462,0.9178
262,1.3870,1.0757,0.7464,0.9176
263,1.3440,1.0763,0.7468,0.9176
264,1.3978,1.0770,0.7469,0.9177
265,1.3174,1.0776,0.7471,0.9174
266,1.4019,1.0781,0.7474,0.9168
267,1.3577,1.0788,0.7481,0.9169
268,1.3305,1.0796,0.7483,0.9174
269,1.4116,1.0801,0.7486,0.9172
270,1.4701,1.0807,0.7486,0.9168
271,1.3768,1.0814,0.7487,0.9160
272,1.3688,1.0819,0.7490,0.9158
273,1.3179,1.0826,0.7495,0.9158
274,1.3538,1.0830,0.7490,0.9160
275,1.3786,1.0836,0.7491,0.9160
276,1.3132,1.0841,0.7484,0.9159
277,1.3572,1.0847,0.7485,0.9155
278,1.4419,1.0853,0.7481,0.9156
279,1.3384,1.0861,0.7480,0.9153
280,1.2969,1.0868,0.7478,0.9153
281,1.3882,1.0876,0.7477,0.9151
282,1.3481,1.0883,0.7472,0.9151
283,1.2979,1.0889,0.7476,0.9150
284,1.3920,1.0894,0.7476,0.9151
285,1.3325,1.0901,0.7476,0.9149
286,1.3413,1.0907,0.7471,0.9148
287,1.3328,1.0912,0.7477,0.9148
288,1.3235,1.0918,0.7478,0.9143
289,1.2945,1.0923,0.7478,0.9140
290,1.3496,1.0929,0.7481,0.9138
291,1.3951,1.0936,0.7476,0.9137
292,1.3096,1.0941,0.7479,0.9135
293,1.2972,1.0948,0.7478,0.9136
294,1.3333,1.0954,0.7477,0.9138
295,1.3576,1.0959,0.7480,0.9138
296,1.3454,1.0965,0.7477,0.9137
297,1.3697,1.0971,0.7479,0.9135
298,1.3492,1.0976,0.7478,0.9136
299,1.3078,1.0982,0.7477,0.9138
300,1.6586,1.0945,0.7480,0.9144
301,1.7890,1.0903,0.7483,0.9143
302,1.7895,1.0848,0.7498,0.9164
303,1.7802,1.0785,0.7492,0.9177
304,1.8338,1.0727,0.7503,0.9184
305,1.8303,1.0671,0.7505,0.9189
306,1.7724,1.0617,0.7506,0.9198
307,1.7361,1.0567,0.7508,0.9198
308,1.7717,1.0522,0.7508,0.9206
309,1.7975,1.0481,0.7515,0.9213
310,1.8174,1.0443,0.7524,0.9225
311,1.8961,1.0406,0.7527,0.9225
312,1.8240,1.0371,0.7524,0.9219
313,1.8485,1.0337,0.7525,0.9217
314,1.8537,1.0306,0.7525,0.9226
315,1.8037,1.0276,0.7531,0.9233
316,1.8000,1.0250,0.7531,0.9235
317,1.7669,1.0226,0.7542,0.9237
318,1.8367,1.0202,0.7552,0.9242
319,1.7976,1.0185,0.7554,0.9238
320,1.8397,1.0167,0.7548,0.9237
321,1.8349,1.0151,0.7551,0.9246
322,1.8921,1.0133,0.7552,0.9248
323,1.7071,1.0123,0.7552,0.9256
324,1.7152,1.0110,0.7547,0.9257
325,1.7161,1.0094,0.7537,0.9260
326,1.7161,1.0080,0.7537,0.9255
327,1.7266,1.0068,0.7540,0.9261
328,1.7536,1.0058,0.7549,0.9261
329,1.7785,1.0046,0.7547,0.9269
330,1.7592,1.0037,0.7546,0.9262
331,1.7943,1.0026,0.7540,0.9271
332,1.8009,1.0015,0.7545,0.9268
333,1.7066,1.0006,0.7544,0.9266
334,1.7123,0.9996,0.7549,0.9266
335,1.7374,0.9984,0.7552,0.9266
336,1.7368,0.9977,0.7552,0.9269
337,1.6872,0.9973,0.7558,0.9269
338,1.7497,0.9974,0.7566,0.9267
339,1.7674,0.9974,0.7569,0.9269
340,1.6806,0.9972,0.7570,0.9275
341,1.7969,0.9966,0.7567,0.9273
342,1.6991,0.9954,0.7574,0.9274
343,1.7531,0.9946,0.7570,0.9274
344,1.7441,0.9942,0.7574,0.9272
345,1.6582,0.9938,0.7581,0.9273
346,1.7498,0.9935,0.7578,0.9283
347,1.7255,0.9937,0.7576,0.9281
348,1.7018,0.9938,0.7573,0.9280
349,1.7871,0.9940,0.7568,0.9274
350,1.7387,0.9940,0.7580,0.9276
351,1.6998,0.9937,0.7581,0.9276
352,1.7253,0.9937,0.7585,0.9272
353,1.7069,0.9936,0.7580,0.9271
354,1.7462,0.9931,0.7583,0.9275
355,1.6971,0.9930,0.7578,0.9279
356,1.7797,0.9930,0.7584,0.9280
357,1.6805,0.9928,0.7572,0.9280
358,1.7523,0.9928,0.7569,0.9274
359,1.7313,0.9928,0.7578,0.9279
360,1.7001,0.9928,0.7578,0.9279
361,1.7197,0.9927,0.7570,0.9275
362,1.6864,0.9924,0.7566,0.9276
363,1.6492,0.9922,0.7581,0.9273
364,1.6347,0.9920,0.7577,0.9278
365,1.7104,0.9918,0.7578,0.9275
366,1.7107,0.9922,0.7579,0.9271
367,1.6911,0.9925,0.7573,0.9267
368,1.6171,0.9932,0.7569,0.9270
369,1.6759,0.9937,0.7571,0.9263
370,1.6653,0.9936,0.7575,0.9269
371,1.6790,0.9933,0.7573,0.9272
372,1.6813,0.9933,0.7575,0.9272
373,1.6874,0.9936,0.7578,0.9269
374,1.6001,0.9938,0.7577,0.9276
375,1.6538,0.9943,0.7578,0.9276
376,1.6308,0.9945,0.7579,0.9280
377,1.6332,0.9946,0.7574,0.9279
378,1.7121,0.9946,0.7576,0.9274
379,1.6804,0.9950,0.7574,0.9279
380,1.6557,0.9952,0.7582,0.9281
381,1.6994,0.9952,0.7578,0.9284
382,1.6220,0.9954,0.7588,0.9281
383,1.6403,0.9958,0.7587,0.9279
384,1.6957,0.9961,0.7589,0.9278
385,1.6348,0.9964,0.7593,0.9280
386,1.6897,0.9965,0.7588,0.9287
387,1.7383,0.9962,0.7583,0.9281
388,1.6127,0.9963,0.7592,0.9275
389,1.6299,0.9962,0.7590,0.9273
390,1.6392,0.9963,0.7590,0.9275
391,1.6533,0.9965,0.7601,0.9268
392,1.6608,0.9962,0.7610,0.9275
393,1.6208,0.9966,0.7614,0.9273
394,1.6714,0.9971,0.7613,0.9267
395,1.6417,0.9973,0.7607,0.9268
396,1.7139,0.9974,0.7605,0.9274
397,1.6122,0.9973,0.7602,0.9273
398,1.5980,0.9976,0.7595,0.9277
399,1.6959,0.9977,0.7594,0.9276
400,1.6382,0.9979,0.7591,0.9271
401,1.5450,0.9982,0.7585,0.9272
402,1.6745,0.9984,0.7594,0.9273
403,1.5695,0.9987,0.7591,0.9276
404,1.6127,0.9987,0.7591,0.9277
405,1.6872,0.9990,0.7599,0.9272
406,1.5582,0.9992,0.7592,0.9264
407,1.6366,0.9999,0.7591,0.9266
408,1.6210,1.0001,0.7584,0.9268
409,1.6325,1.0003,0.7580,0.9269
410,1.6019,1.0007,0.7585,0.9265
411,1.6714,1.0012,0.7587,0.9263
412,1.5929,1.0017,0.7584,0.9264
413,1.5925,1.0022,0.7587,0.9269
414,1.6854,1.0027,0.7582,0.9269
415,1.6425,1.0038,0.7579,0.9261
416,1.5827,1.0046,0.7584,0.9264
417,1.6215,1.0054,0.7592,0.9263
418,1.5570,1.0059,0.7585,0.9266
419,1.6482,1.0063,0.7582,0.9269
420,1.6113,1.0069,0.7583,0.9268
421,1.6045,1.0076,0.7588,0.9266
422,1.5841,1.0081,0.7583,0.9271
423,1.5766,1.0087,0.7582,0.9275
424,1.5394,1.0097,0.7580,0.9267
425,1.5387,1.0111,0.7581,0.9272
426,1.5062,1.0120,0.7585,0.9269
427,1.5935,1.0128,0.7589,0.9268
428,1.5261,1.0134,0.7590,0.9266
429,1.5534,1.0143,0.7587,0.9263
430,1.5989,1.0147,0.7593,0.9269
431,1.6021,1.0156,0.7595,0.9266
432,1.6317,1.0163,0.7589,0.9267
433,1.5779,1.0167,0.7594,0.9270
434,1.5276,1.0176,0.7593,0.9267
435,1.6464,1.0185,0.7596,0.9273
436,1.5344,1.0194,0.7591,0.9262
437,1.6322,1.0205,0.7593,0.9264
438,1.5347,1.0213,0.7588,0.9265
439,1.5465,1.0218,0.7587,0.9264
440,1.5618,1.0225,0.7587,0.9265
441,1.5759,1.0228,0.7591,0.9262
442,1.6337,1.0228,0.7589,0.9270
443,1.5618,1.0234,0.7582,0.9272
444,1.6210,1.0238,0.7582,0.9273
445,1.5230,1.0241,0.7578,0.9272
446,1.5164,1.0243,0.7576,0.9274
447,1.5595,1.0244,0.7579,0.9278
448,1.5568,1.0247,0.7583,0.9278
449,1.6120,1.0249,0.7579,0.9284
450,1.5614,1.0252,0.7578,0.9278

Hybrid:
epoch,train_loss,val_loss,val_acc,top5_acc
0,4.3875,4.5916,0.0166,0.0747
1,4.1392,4.4920,0.0261,0.1068
2,3.9688,4.4109,0.0310,0.1275
3,3.8093,4.3641,0.0382,0.1503
4,3.6992,4.3244,0.0425,0.1713
5,3.5766,4.2763,0.0485,0.1892
6,3.4344,4.2178,0.0555,0.2122
7,3.3185,4.1491,0.0668,0.2401
8,3.2359,4.0719,0.0756,0.2708
9,3.1183,3.9955,0.0864,0.2963
10,3.0881,3.9178,0.1009,0.3231
11,3.0071,3.8366,0.1138,0.3502
12,2.9493,3.7535,0.1297,0.3780
13,2.9626,3.6719,0.1456,0.4049
14,2.8747,3.5884,0.1628,0.4284
15,2.8354,3.5055,0.1787,0.4510
16,2.7943,3.4201,0.1939,0.4788
17,2.8001,3.3346,0.2112,0.4988
18,2.7034,3.2433,0.2335,0.5249
19,2.6262,3.1542,0.2513,0.5487
20,2.6304,3.0641,0.2694,0.5710
21,2.6120,2.9738,0.2877,0.5917
22,2.5253,2.8817,0.3099,0.6137
23,2.5294,2.7900,0.3310,0.6357
24,2.4861,2.6958,0.3515,0.6580
25,2.4033,2.6053,0.3724,0.6788
26,2.4530,2.5182,0.3908,0.6965
27,2.4774,2.4357,0.4077,0.7142
28,2.4425,2.3562,0.4265,0.7288
29,2.4759,2.2775,0.4415,0.7451
30,2.3427,2.2008,0.4580,0.7619
31,2.3234,2.1301,0.4738,0.7745
32,2.3669,2.0625,0.4906,0.7856
33,2.2453,1.9973,0.5058,0.7941
34,2.2329,1.9353,0.5182,0.8041
35,2.2670,1.8773,0.5311,0.8132
36,2.2248,1.8227,0.5436,0.8220
37,2.1345,1.7710,0.5549,0.8298
38,2.1281,1.7226,0.5645,0.8379
39,2.1999,1.6782,0.5738,0.8418
40,2.0649,1.6360,0.5829,0.8468
41,2.1282,1.5966,0.5908,0.8516
42,2.1385,1.5598,0.6001,0.8578
43,2.0604,1.5255,0.6077,0.8618
44,2.0218,1.4938,0.6136,0.8652
45,2.1348,1.4645,0.6199,0.8689
46,2.0583,1.4368,0.6255,0.8715
47,2.0149,1.4104,0.6298,0.8745
48,2.0674,1.3860,0.6349,0.8783
49,1.9744,1.3632,0.6405,0.8812
50,2.0394,1.3417,0.6466,0.8834
51,1.9652,1.3219,0.6508,0.8863
52,1.9505,1.3038,0.6559,0.8877
53,1.9143,1.2869,0.6599,0.8889
54,2.0534,1.2710,0.6635,0.8909
55,1.9670,1.2562,0.6677,0.8927
56,1.8793,1.2428,0.6694,0.8946
57,1.9050,1.2300,0.6732,0.8959
58,1.8540,1.2179,0.6768,0.8983
59,1.9420,1.2063,0.6797,0.8997
60,1.8670,1.1957,0.6822,0.9009
61,1.8623,1.1859,0.6853,0.9021
62,1.8564,1.1769,0.6875,0.9043
63,1.7462,1.1683,0.6899,0.9044
64,1.7392,1.1605,0.6920,0.9059
65,1.8720,1.1531,0.6931,0.9065
66,1.7383,1.1464,0.6949,0.9073
67,1.8010,1.1401,0.6959,0.9079
68,1.8029,1.1342,0.6976,0.9090
69,1.7151,1.1288,0.6994,0.9088
70,1.7835,1.1236,0.7009,0.9095
71,1.6387,1.1188,0.7023,0.9112
72,1.7178,1.1146,0.7033,0.9114
73,1.7399,1.1106,0.7052,0.9112
74,1.7152,1.1071,0.7072,0.9114
75,1.6994,1.1039,0.7087,0.9119
76,1.7068,1.1010,0.7102,0.9121
77,1.7378,1.0985,0.7104,0.9129
78,1.6076,1.0965,0.7113,0.9136
79,1.7077,1.0946,0.7125,0.9146
80,1.6372,1.0930,0.7130,0.9151
81,1.6011,1.0916,0.7142,0.9156
82,1.6282,1.0905,0.7152,0.9156
83,1.5643,1.0894,0.7168,0.9160
84,1.5481,1.0885,0.7170,0.9160
85,1.5762,1.0877,0.7174,0.9158
86,1.6379,1.0871,0.7181,0.9158
87,1.6842,1.0865,0.7174,0.9160
88,1.6923,1.0861,0.7183,0.9160
89,1.5903,1.0858,0.7189,0.9158
90,1.6366,1.0857,0.7192,0.9154
91,1.5603,1.0856,0.7201,0.9155
92,1.6305,1.0856,0.7205,0.9153
93,1.6572,1.0857,0.7208,0.9154
94,1.6108,1.0860,0.7215,0.9155
95,1.6078,1.0862,0.7218,0.9153
96,1.6143,1.0865,0.7215,0.9155
97,1.6151,1.0869,0.7218,0.9161
98,1.6095,1.0874,0.7227,0.9155
99,1.6216,1.0879,0.7227,0.9149
100,1.9695,1.0854,0.7226,0.9150
101,2.1273,1.0816,0.7237,0.9161
102,1.9840,1.0780,0.7248,0.9166
103,2.0676,1.0739,0.7244,0.9168
104,2.0803,1.0701,0.7249,0.9167
105,2.0987,1.0667,0.7254,0.9164
106,2.0668,1.0631,0.7249,0.9166
107,2.0331,1.0596,0.7249,0.9176
108,2.0494,1.0566,0.7265,0.9177
109,1.9887,1.0541,0.7273,0.9183
110,1.9347,1.0517,0.7289,0.9174
111,1.9696,1.0497,0.7295,0.9176
112,1.9611,1.0479,0.7291,0.9174
113,1.9582,1.0461,0.7290,0.9177
114,2.0127,1.0443,0.7277,0.9185
115,2.0012,1.0427,0.7289,0.9189
116,2.0319,1.0407,0.7285,0.9187
117,2.0281,1.0390,0.7285,0.9181
118,1.9535,1.0374,0.7289,0.9184
119,1.9617,1.0360,0.7292,0.9183
120,1.8823,1.0352,0.7293,0.9187
121,1.8147,1.0339,0.7314,0.9192
122,1.9172,1.0332,0.7330,0.9186
123,1.9323,1.0326,0.7333,0.9183
124,1.8837,1.0315,0.7337,0.9194
125,1.8668,1.0303,0.7339,0.9203
126,1.9315,1.0290,0.7345,0.9211
127,1.9110,1.0278,0.7355,0.9219
128,1.9250,1.0268,0.7365,0.9213
129,1.8501,1.0259,0.7371,0.9214
130,1.8452,1.0254,0.7366,0.9217
131,1.8707,1.0248,0.7371,0.9223
132,1.8089,1.0239,0.7370,0.9227
133,1.7895,1.0232,0.7381,0.9228
134,1.8409,1.0222,0.7373,0.9226
135,1.8881,1.0209,0.7378,0.9224
136,1.8671,1.0196,0.7381,0.9215
137,1.7710,1.0184,0.7390,0.9214
138,1.8710,1.0173,0.7393,0.9212
139,1.7947,1.0164,0.7392,0.9209
140,1.8370,1.0152,0.7391,0.9207
141,1.7550,1.0144,0.7397,0.9216
142,1.7586,1.0135,0.7401,0.9217
143,1.7792,1.0129,0.7397,0.9218
144,1.7916,1.0124,0.7411,0.9221
145,1.8231,1.0123,0.7400,0.9224
146,1.7718,1.0119,0.7409,0.9228
147,1.8380,1.0120,0.7407,0.9223
148,1.7471,1.0119,0.7410,0.9226
149,1.7385,1.0117,0.7421,0.9226
150,1.8142,1.0118,0.7422,0.9226
151,1.7344,1.0117,0.7422,0.9231
152,1.7549,1.0118,0.7430,0.9227
153,1.7469,1.0121,0.7420,0.9225
154,1.7536,1.0123,0.7426,0.9224
155,1.7528,1.0120,0.7438,0.9227
156,1.7168,1.0116,0.7442,0.9230
157,1.7290,1.0115,0.7449,0.9233
158,1.7350,1.0112,0.7438,0.9227
159,1.6588,1.0108,0.7437,0.9230
160,1.7507,1.0105,0.7446,0.9230
161,1.6871,1.0103,0.7439,0.9227
162,1.7779,1.0099,0.7447,0.9227
163,1.6143,1.0100,0.7447,0.9231
164,1.6990,1.0102,0.7438,0.9231
165,1.6724,1.0105,0.7452,0.9229
166,1.7030,1.0109,0.7452,0.9232
167,1.6445,1.0116,0.7454,0.9226
168,1.7763,1.0120,0.7455,0.9226
169,1.7027,1.0128,0.7464,0.9228
170,1.6675,1.0137,0.7458,0.9231
171,1.6650,1.0142,0.7462,0.9229
172,1.6413,1.0146,0.7464,0.9235
173,1.5959,1.0149,0.7454,0.9228
174,1.6235,1.0151,0.7458,0.9227
175,1.7692,1.0147,0.7465,0.9228
176,1.6372,1.0148,0.7468,0.9220
177,1.5666,1.0148,0.7464,0.9211
178,1.6013,1.0150,0.7469,0.9217
179,1.6775,1.0156,0.7477,0.9217
180,1.5460,1.0162,0.7476,0.9221
181,1.6782,1.0166,0.7475,0.9223
182,1.5782,1.0170,0.7479,0.9225
183,1.5686,1.0176,0.7478,0.9224
184,1.6275,1.0185,0.7483,0.9222
185,1.5819,1.0189,0.7479,0.9226
186,1.6186,1.0192,0.7487,0.9226
187,1.6715,1.0194,0.7493,0.9225
188,1.5599,1.0198,0.7494,0.9219
189,1.5482,1.0202,0.7500,0.9219
190,1.5464,1.0205,0.7506,0.9215
191,1.5317,1.0209,0.7517,0.9216
192,1.5777,1.0215,0.7514,0.9219
193,1.4286,1.0225,0.7517,0.9218
194,1.5792,1.0237,0.7512,0.9219
195,1.5392,1.0243,0.7517,0.9219
196,1.5499,1.0250,0.7517,0.9219
197,1.5933,1.0252,0.7512,0.9221
198,1.4258,1.0256,0.7507,0.9216
199,1.4739,1.0262,0.7507,0.9212
200,1.5770,1.0267,0.7516,0.9218
201,1.5550,1.0270,0.7505,0.9218
202,1.6028,1.0274,0.7512,0.9223
203,1.5002,1.0280,0.7520,0.9220
204,1.5450,1.0288,0.7522,0.9212
205,1.5684,1.0295,0.7519,0.9215
206,1.5691,1.0298,0.7521,0.9211
207,1.5035,1.0303,0.7516,0.9215
208,1.4641,1.0308,0.7524,0.9215
209,1.4457,1.0317,0.7528,0.9220
210,1.4196,1.0326,0.7529,0.9220
211,1.4711,1.0337,0.7540,0.9219
212,1.4626,1.0342,0.7550,0.9219
213,1.4607,1.0350,0.7552,0.9223
214,1.3706,1.0357,0.7544,0.9222
215,1.5592,1.0364,0.7541,0.9219
216,1.4632,1.0370,0.7541,0.9217
217,1.5123,1.0378,0.7549,0.9225
218,1.3999,1.0383,0.7545,0.9231
219,1.3890,1.0388,0.7548,0.9232
220,1.4686,1.0394,0.7548,0.9233
221,1.4219,1.0399,0.7543,0.9233
222,1.4220,1.0402,0.7536,0.9233
223,1.3660,1.0408,0.7546,0.9237
224,1.4140,1.0412,0.7540,0.9238
225,1.3776,1.0417,0.7541,0.9236
226,1.3589,1.0424,0.7542,0.9239
227,1.3430,1.0428,0.7543,0.9235
228,1.4444,1.0435,0.7546,0.9239
229,1.4425,1.0439,0.7541,0.9239
230,1.3746,1.0450,0.7543,0.9238
231,1.3933,1.0457,0.7541,0.9243
232,1.3218,1.0464,0.7545,0.9239
233,1.3243,1.0471,0.7547,0.9236
234,1.3165,1.0477,0.7553,0.9227
235,1.3317,1.0484,0.7555,0.9228
236,1.4060,1.0491,0.7554,0.9226
237,1.3726,1.0496,0.7558,0.9229
238,1.3288,1.0501,0.7552,0.9233
239,1.3051,1.0509,0.7552,0.9233
240,1.3744,1.0519,0.7542,0.9229
241,1.2816,1.0533,0.7545,0.9232
242,1.2621,1.0544,0.7545,0.9232
243,1.3363,1.0555,0.7538,0.9232
244,1.3873,1.0566,0.7541,0.9230
245,1.3284,1.0575,0.7544,0.9228
246,1.3160,1.0586,0.7542,0.9226
247,1.2573,1.0597,0.7546,0.9223
248,1.3092,1.0609,0.7547,0.9217
249,1.3588,1.0620,0.7542,0.9221
250,1.2531,1.0628,0.7544,0.9223
251,1.2693,1.0636,0.7541,0.9218
252,1.3251,1.0643,0.7541,0.9218
253,1.2637,1.0650,0.7541,0.9220
254,1.3639,1.0657,0.7545,0.9221
255,1.3338,1.0664,0.7555,0.9219
256,1.3371,1.0671,0.7551,0.9223
257,1.3274,1.0679,0.7548,0.9222
258,1.2678,1.0690,0.7544,0.9214
259,1.3299,1.0700,0.7549,0.9214
260,1.2566,1.0705,0.7542,0.9213
261,1.2343,1.0714,0.7549,0.9207
262,1.3198,1.0720,0.7550,0.9205
263,1.2501,1.0728,0.7544,0.9201
264,1.2784,1.0736,0.7542,0.9200
265,1.2944,1.0745,0.7543,0.9195
266,1.2931,1.0752,0.7541,0.9192
267,1.3506,1.0757,0.7546,0.9193
268,1.2952,1.0761,0.7544,0.9193
269,1.2358,1.0768,0.7545,0.9192
270,1.2465,1.0775,0.7545,0.9189
271,1.2653,1.0782,0.7549,0.9186
272,1.2651,1.0786,0.7555,0.9186
273,1.2499,1.0789,0.7557,0.9182
274,1.2617,1.0793,0.7557,0.9183
275,1.2688,1.0797,0.7556,0.9184
276,1.2127,1.0802,0.7559,0.9185
277,1.2406,1.0808,0.7556,0.9188
278,1.1670,1.0813,0.7556,0.9185
279,1.1819,1.0816,0.7558,0.9183
280,1.2533,1.0820,0.7555,0.9186
281,1.3236,1.0824,0.7554,0.9185
282,1.2828,1.0828,0.7552,0.9180
283,1.2551,1.0834,0.7552,0.9179
284,1.2048,1.0840,0.7554,0.9178
285,1.1836,1.0846,0.7557,0.9179
286,1.2885,1.0851,0.7556,0.9180
287,1.2312,1.0857,0.7553,0.9179
288,1.2286,1.0862,0.7545,0.9177
289,1.2736,1.0866,0.7545,0.9171
290,1.2616,1.0871,0.7547,0.9167
291,1.2789,1.0878,0.7544,0.9167
292,1.2624,1.0884,0.7542,0.9166
293,1.2737,1.0888,0.7539,0.9163
294,1.2915,1.0893,0.7539,0.9163
295,1.2530,1.0897,0.7539,0.9163
296,1.1998,1.0902,0.7542,0.9162
297,1.2139,1.0907,0.7540,0.9162
298,1.1972,1.0913,0.7534,0.9161
299,1.1818,1.0918,0.7535,0.9162
300,1.6863,1.0879,0.7534,0.9164
301,1.7246,1.0815,0.7546,0.9180
302,1.7955,1.0745,0.7550,0.9194
303,1.7293,1.0683,0.7585,0.9199
304,1.7559,1.0622,0.7585,0.9213
305,1.8320,1.0562,0.7595,0.9224
306,1.7815,1.0509,0.7605,0.9234
307,1.6701,1.0460,0.7607,0.9242
308,1.6890,1.0410,0.7615,0.9250
309,1.7165,1.0351,0.7627,0.9262
310,1.6962,1.0303,0.7631,0.9277
311,1.6441,1.0262,0.7628,0.9272
312,1.6992,1.0228,0.7629,0.9274
313,1.6672,1.0199,0.7638,0.9276
314,1.8111,1.0177,0.7630,0.9282
315,1.7407,1.0154,0.7631,0.9290
316,1.7188,1.0129,0.7631,0.9289
317,1.7577,1.0108,0.7636,0.9294
318,1.6908,1.0091,0.7637,0.9291
319,1.7572,1.0064,0.7641,0.9292
320,1.6914,1.0041,0.7644,0.9292
321,1.7190,1.0033,0.7650,0.9282
322,1.6921,1.0030,0.7651,0.9287
323,1.7281,1.0025,0.7639,0.9287
324,1.6312,1.0025,0.7634,0.9287
325,1.6286,1.0017,0.7635,0.9284
326,1.6302,1.0010,0.7637,0.9285
327,1.6875,0.9996,0.7633,0.9285
328,1.6418,0.9983,0.7633,0.9294
329,1.7784,0.9971,0.7643,0.9300
330,1.6271,0.9959,0.7646,0.9297
331,1.6685,0.9949,0.7653,0.9299
332,1.6544,0.9947,0.7650,0.9303
333,1.6962,0.9945,0.7656,0.9301
334,1.6894,0.9946,0.7651,0.9312
335,1.6777,0.9945,0.7650,0.9315
336,1.7194,0.9945,0.7645,0.9309
337,1.6599,0.9946,0.7648,0.9308
338,1.5612,0.9946,0.7652,0.9309
339,1.6557,0.9942,0.7654,0.9310
340,1.6256,0.9944,0.7648,0.9308
341,1.6332,0.9948,0.7648,0.9302
342,1.5924,0.9949,0.7639,0.9301
343,1.6094,0.9949,0.7639,0.9298
344,1.6799,0.9956,0.7637,0.9294
345,1.6465,0.9955,0.7630,0.9297
346,1.6285,0.9956,0.7641,0.9299
347,1.5623,0.9958,0.7632,0.9297
348,1.5878,0.9961,0.7620,0.9299
349,1.6186,0.9963,0.7625,0.9295
350,1.5135,0.9962,0.7628,0.9304
351,1.6611,0.9958,0.7625,0.9306
352,1.6616,0.9948,0.7631,0.9305
353,1.6719,0.9941,0.7634,0.9310
354,1.6170,0.9935,0.7639,0.9314
355,1.6063,0.9937,0.7638,0.9319
356,1.5799,0.9931,0.7644,0.9319
357,1.6239,0.9930,0.7643,0.9315
358,1.6218,0.9929,0.7651,0.9310
359,1.5839,0.9931,0.7658,0.9311
360,1.5818,0.9937,0.7662,0.9312
361,1.5644,0.9938,0.7652,0.9305
362,1.5683,0.9940,0.7653,0.9300
363,1.5925,0.9941,0.7648,0.9313
364,1.5758,0.9940,0.7653,0.9314
365,1.5961,0.9942,0.7655,0.9315
366,1.6410,0.9944,0.7649,0.9311
367,1.6099,0.9941,0.7642,0.9305
368,1.5633,0.9942,0.7635,0.9303
369,1.7097,0.9937,0.7634,0.9307
370,1.6815,0.9931,0.7639,0.9308
371,1.5597,0.9930,0.7641,0.9301
372,1.5723,0.9929,0.7639,0.9304
373,1.6001,0.9931,0.7647,0.9304
374,1.5758,0.9933,0.7637,0.9305
375,1.5857,0.9934,0.7637,0.9303
376,1.5713,0.9937,0.7640,0.9301
377,1.5791,0.9938,0.7638,0.9303
378,1.6466,0.9940,0.7643,0.9297
379,1.5095,0.9939,0.7643,0.9304
380,1.6161,0.9940,0.7638,0.9309
381,1.5962,0.9938,0.7638,0.9312
382,1.5039,0.9938,0.7646,0.9315
383,1.5381,0.9944,0.7641,0.9310
384,1.6260,0.9943,0.7650,0.9307
385,1.5556,0.9947,0.7655,0.9307
386,1.4952,0.9950,0.7651,0.9312
387,1.5924,0.9954,0.7647,0.9319
388,1.5448,0.9952,0.7650,0.9319
389,1.4787,0.9951,0.7647,0.9319
390,1.5976,0.9955,0.7655,0.9317
391,1.5232,0.9960,0.7660,0.9314
392,1.5451,0.9959,0.7657,0.9320
393,1.5408,0.9960,0.7662,0.9324
394,1.4913,0.9962,0.7662,0.9325
395,1.6162,0.9970,0.7660,0.9319
396,1.5546,0.9975,0.7657,0.9324
397,1.5430,0.9977,0.7653,0.9320
398,1.4823,0.9984,0.7651,0.9319
399,1.5386,0.9994,0.7638,0.9319
400,1.5133,0.9998,0.7646,0.9319
401,1.6132,1.0000,0.7654,0.9321
402,1.5724,1.0002,0.7652,0.9323
403,1.5487,1.0003,0.7654,0.9319
404,1.4695,1.0004,0.7656,0.9319
405,1.5166,1.0011,0.7658,0.9316
406,1.5528,1.0012,0.7644,0.9317
407,1.5070,1.0014,0.7646,0.9317
408,1.5423,1.0013,0.7654,0.9316
409,1.5198,1.0014,0.7668,0.9307
410,1.5290,1.0019,0.7661,0.9304
411,1.5143,1.0023,0.7666,0.9304
412,1.4543,1.0026,0.7661,0.9300
413,1.4839,1.0029,0.7660,0.9302
414,1.5405,1.0032,0.7663,0.9307
415,1.5006,1.0040,0.7663,0.9303
416,1.5145,1.0045,0.7665,0.9298
417,1.5766,1.0051,0.7660,0.9302
418,1.5247,1.0053,0.7653,0.9295
419,1.5804,1.0053,0.7652,0.9298
420,1.4861,1.0060,0.7651,0.9301
421,1.5082,1.0066,0.7644,0.9298
422,1.5696,1.0068,0.7655,0.9302
423,1.4925,1.0068,0.7650,0.9305
424,1.5379,1.0073,0.7650,0.9295
425,1.5181,1.0077,0.7652,0.9298
426,1.4916,1.0076,0.7652,0.9294
427,1.5056,1.0080,0.7659,0.9292
428,1.5239,1.0084,0.7651,0.9304
429,1.5091,1.0087,0.7651,0.9296
430,1.6480,1.0087,0.7663,0.9297
431,1.4902,1.0090,0.7663,0.9297
432,1.5669,1.0091,0.7660,0.9297
433,1.4966,1.0091,0.7668,0.9297
434,1.4034,1.0097,0.7666,0.9297
435,1.4085,1.0103,0.7666,0.9299
436,1.4783,1.0105,0.7677,0.9300
437,1.5087,1.0103,0.7674,0.9297
438,1.4821,1.0102,0.7671,0.9300
439,1.5334,1.0102,0.7669,0.9309
440,1.5867,1.0101,0.7674,0.9307
441,1.4418,1.0102,0.7686,0.9312
442,1.4125,1.0106,0.7680,0.9315
443,1.4940,1.0113,0.7680,0.9303
444,1.4927,1.0119,0.7681,0.9298
445,1.4200,1.0123,0.7679,0.9298
446,1.4776,1.0128,0.7675,0.9301
447,1.4127,1.0137,0.7684,0.9296
448,1.4315,1.0149,0.7682,0.9295
449,1.4060,1.0154,0.7684,0.9298
450,1.4275,1.0162,0.7688,0.9303
