Standard:
epoch,train_loss,val_loss,val_acc,top2_acc
0,2.0667,2.2720,0.1302,0.2392
1,1.8316,2.2435,0.1733,0.2917
2,1.6644,2.2376,0.1791,0.3042
3,1.5916,2.2265,0.1715,0.3179
4,1.5319,2.1996,0.1823,0.3438
5,1.4790,2.1589,0.2120,0.3737
6,1.4442,2.1055,0.2438,0.3973
7,1.3783,2.0352,0.2744,0.4281
8,1.3632,1.9518,0.3019,0.4731
9,1.3664,1.8625,0.3386,0.5290
10,1.3198,1.7688,0.3826,0.5878
11,1.2830,1.6732,0.4301,0.6427
12,1.2328,1.5818,0.4721,0.6856
13,1.2703,1.4982,0.5087,0.7151
14,1.2221,1.4162,0.5397,0.7443
15,1.1814,1.3402,0.5692,0.7632
16,1.2334,1.2727,0.5933,0.7805
17,1.1785,1.2096,0.6135,0.7961
18,1.2141,1.1507,0.6337,0.8092
19,1.1471,1.0956,0.6499,0.8207
20,1.1180,1.0451,0.6640,0.8317
21,1.1273,0.9992,0.6769,0.8398
22,1.1237,0.9560,0.6892,0.8489
23,1.1128,0.9187,0.6992,0.8567
24,1.1167,0.8846,0.7087,0.8624
25,1.0801,0.8523,0.7193,0.8685
26,1.0822,0.8221,0.7298,0.8727
27,1.0779,0.7920,0.7396,0.8786
28,1.0092,0.7630,0.7481,0.8850
29,1.0272,0.7364,0.7576,0.8900
30,1.0880,0.7117,0.7654,0.8959
31,1.0309,0.6873,0.7734,0.9004
32,1.0201,0.6641,0.7811,0.9043
33,1.0371,0.6413,0.7889,0.9086
34,0.9822,0.6197,0.7969,0.9129
35,1.0060,0.5997,0.8021,0.9183
36,0.9252,0.5802,0.8096,0.9200
37,0.9765,0.5629,0.8147,0.9228
38,1.0173,0.5465,0.8199,0.9262
39,0.9255,0.5311,0.8262,0.9300
40,0.9444,0.5171,0.8307,0.9335
41,0.9772,0.5043,0.8350,0.9363
42,0.9848,0.4922,0.8380,0.9373
43,0.8967,0.4810,0.8413,0.9391
44,0.9024,0.4702,0.8442,0.9414
45,0.9127,0.4600,0.8488,0.9426
46,0.9270,0.4503,0.8510,0.9445
47,0.8913,0.4413,0.8537,0.9464
48,0.8879,0.4331,0.8550,0.9478
49,0.8537,0.4254,0.8583,0.9489
50,0.8914,0.4182,0.8603,0.9507
51,0.9089,0.4114,0.8630,0.9521
52,0.8972,0.4051,0.8647,0.9521
53,0.8653,0.3990,0.8665,0.9534
54,0.9183,0.3934,0.8683,0.9548
55,0.8656,0.3880,0.8691,0.9557
56,0.8434,0.3830,0.8706,0.9567
57,0.8628,0.3782,0.8730,0.9573
58,0.8507,0.3737,0.8745,0.9587
59,0.8242,0.3694,0.8762,0.9593
60,0.8653,0.3653,0.8770,0.9594
61,0.8036,0.3614,0.8778,0.9596
62,0.8252,0.3577,0.8803,0.9592
63,0.8187,0.3543,0.8815,0.9596
64,0.7956,0.3510,0.8829,0.9610
65,0.7959,0.3479,0.8844,0.9610
66,0.7941,0.3451,0.8856,0.9615
67,0.7750,0.3425,0.8860,0.9621
68,0.7727,0.3399,0.8868,0.9625
69,0.8045,0.3376,0.8878,0.9629
70,0.8121,0.3354,0.8889,0.9635
71,0.7712,0.3332,0.8896,0.9640
72,0.8315,0.3312,0.8906,0.9646
73,0.7935,0.3293,0.8915,0.9650
74,0.7402,0.3275,0.8920,0.9657
75,0.7858,0.3259,0.8924,0.9662
76,0.7618,0.3243,0.8937,0.9660
77,0.7560,0.3227,0.8948,0.9656
78,0.7745,0.3213,0.8955,0.9663
79,0.7184,0.3200,0.8963,0.9666
80,0.7335,0.3186,0.8964,0.9664
81,0.7780,0.3174,0.8977,0.9666
82,0.7689,0.3163,0.8990,0.9667
83,0.7622,0.3153,0.8994,0.9669
84,0.7466,0.3143,0.8999,0.9671
85,0.7596,0.3134,0.9000,0.9672
86,0.7237,0.3126,0.9003,0.9675
87,0.7596,0.3119,0.9008,0.9675
88,0.7461,0.3112,0.9009,0.9674
89,0.7223,0.3106,0.9014,0.9675
90,0.7954,0.3100,0.9022,0.9673
91,0.6901,0.3094,0.9023,0.9672
92,0.7689,0.3089,0.9030,0.9679
93,0.7619,0.3085,0.9034,0.9680
94,0.7030,0.3081,0.9036,0.9678
95,0.6954,0.3077,0.9042,0.9682
96,0.7088,0.3073,0.9040,0.9682
97,0.7367,0.3070,0.9037,0.9682
98,0.7535,0.3067,0.9038,0.9685
99,0.7298,0.3064,0.9042,0.9682
100,0.8718,0.3050,0.9043,0.9685
101,0.9441,0.3037,0.9048,0.9686
102,0.9025,0.3025,0.9048,0.9687
103,0.9609,0.3016,0.9054,0.9687
104,0.9162,0.3007,0.9055,0.9687
105,0.9643,0.2998,0.9065,0.9690
106,0.9263,0.2990,0.9060,0.9698
107,0.9104,0.2984,0.9065,0.9696
108,0.9035,0.2978,0.9071,0.9697
109,0.9212,0.2974,0.9072,0.9700
110,0.8556,0.2971,0.9072,0.9695
111,0.9165,0.2965,0.9072,0.9699
112,0.8571,0.2962,0.9071,0.9701
113,0.8962,0.2957,0.9068,0.9700
114,0.8659,0.2950,0.9058,0.9699
115,0.8508,0.2942,0.9058,0.9697
116,0.8783,0.2933,0.9060,0.9700
117,0.8795,0.2925,0.9063,0.9701
118,0.8628,0.2919,0.9072,0.9699
119,0.8878,0.2912,0.9079,0.9699
120,0.9053,0.2905,0.9078,0.9701
121,0.8735,0.2898,0.9081,0.9697
122,0.8304,0.2892,0.9082,0.9699
123,0.8791,0.2887,0.9079,0.9703
124,0.8578,0.2881,0.9084,0.9703
125,0.8744,0.2876,0.9086,0.9701
126,0.8513,0.2872,0.9091,0.9700
127,0.8121,0.2866,0.9097,0.9703
128,0.8582,0.2859,0.9096,0.9701
129,0.9182,0.2854,0.9094,0.9706
130,0.8205,0.2850,0.9091,0.9706
131,0.8698,0.2845,0.9094,0.9705
132,0.8287,0.2843,0.9092,0.9702
133,0.8937,0.2841,0.9091,0.9701
134,0.7888,0.2837,0.9095,0.9700
135,0.8410,0.2836,0.9098,0.9699
136,0.8235,0.2833,0.9105,0.9699
137,0.7843,0.2828,0.9112,0.9703
138,0.8179,0.2824,0.9114,0.9702
139,0.8458,0.2824,0.9105,0.9703
140,0.7979,0.2824,0.9112,0.9699
141,0.8254,0.2823,0.9111,0.9699
142,0.7896,0.2823,0.9115,0.9701
143,0.7687,0.2823,0.9112,0.9700
144,0.7996,0.2821,0.9118,0.9703
145,0.7836,0.2819,0.9124,0.9705
146,0.7942,0.2816,0.9126,0.9705
147,0.7896,0.2813,0.9132,0.9705
148,0.8227,0.2808,0.9137,0.9705
149,0.8409,0.2804,0.9138,0.9705
150,0.8263,0.2798,0.9141,0.9710
151,0.8438,0.2794,0.9142,0.9710
152,0.8440,0.2787,0.9148,0.9711
153,0.7881,0.2782,0.9153,0.9716
154,0.8047,0.2778,0.9152,0.9718
155,0.7489,0.2774,0.9155,0.9720
156,0.7754,0.2770,0.9154,0.9720
157,0.7380,0.2769,0.9164,0.9719
158,0.7830,0.2768,0.9165,0.9722
159,0.7600,0.2762,0.9160,0.9724
160,0.7493,0.2757,0.9162,0.9723
161,0.7451,0.2753,0.9166,0.9722
162,0.7310,0.2749,0.9172,0.9721
163,0.7374,0.2745,0.9177,0.9725
164,0.7634,0.2740,0.9172,0.9726
165,0.7784,0.2736,0.9182,0.9730
166,0.7426,0.2734,0.9182,0.9731
167,0.7410,0.2734,0.9188,0.9736
168,0.7124,0.2730,0.9187,0.9734
169,0.7806,0.2725,0.9192,0.9737
170,0.7668,0.2724,0.9200,0.9736
171,0.7438,0.2722,0.9202,0.9734
172,0.7465,0.2720,0.9201,0.9733
173,0.7542,0.2718,0.9199,0.9732
174,0.7543,0.2712,0.9205,0.9736
175,0.7030,0.2704,0.9209,0.9736
176,0.7331,0.2700,0.9218,0.9738
177,0.6778,0.2697,0.9214,0.9738
178,0.7453,0.2694,0.9214,0.9742
179,0.7623,0.2690,0.9211,0.9746
180,0.7541,0.2686,0.9211,0.9747
181,0.7201,0.2682,0.9212,0.9749
182,0.6821,0.2679,0.9207,0.9751
183,0.7188,0.2674,0.9209,0.9751
184,0.6927,0.2672,0.9215,0.9753
185,0.7281,0.2669,0.9220,0.9754
186,0.7046,0.2666,0.9219,0.9750
187,0.6885,0.2664,0.9226,0.9747
188,0.6971,0.2659,0.9223,0.9749
189,0.6781,0.2654,0.9225,0.9748
190,0.6774,0.2650,0.9232,0.9747
191,0.7126,0.2646,0.9233,0.9750
192,0.7321,0.2642,0.9239,0.9750
193,0.6555,0.2639,0.9241,0.9750
194,0.7072,0.2635,0.9242,0.9749
195,0.7147,0.2633,0.9244,0.9750
196,0.6971,0.2633,0.9244,0.9750
197,0.6953,0.2632,0.9240,0.9754
198,0.6759,0.2631,0.9233,0.9757
199,0.6680,0.2631,0.9234,0.9760
200,0.7235,0.2631,0.9240,0.9760
201,0.6701,0.2632,0.9239,0.9762
202,0.6753,0.2633,0.9240,0.9761
203,0.6836,0.2630,0.9241,0.9761
204,0.6870,0.2629,0.9241,0.9759
205,0.7212,0.2630,0.9241,0.9760
206,0.6598,0.2630,0.9239,0.9759
207,0.6456,0.2628,0.9244,0.9759
208,0.7159,0.2629,0.9244,0.9759
209,0.6954,0.2632,0.9247,0.9762
210,0.6677,0.2635,0.9248,0.9760
211,0.6629,0.2637,0.9260,0.9761
212,0.6617,0.2639,0.9257,0.9765
213,0.6584,0.2641,0.9262,0.9758
214,0.6324,0.2643,0.9268,0.9761
215,0.6710,0.2646,0.9268,0.9764
216,0.6421,0.2649,0.9267,0.9763
217,0.6384,0.2653,0.9266,0.9764
218,0.6677,0.2656,0.9270,0.9762
219,0.6688,0.2658,0.9269,0.9764
220,0.6555,0.2661,0.9273,0.9764
221,0.6638,0.2664,0.9270,0.9763
222,0.6505,0.2668,0.9270,0.9763
223,0.6800,0.2671,0.9273,0.9762
224,0.6268,0.2673,0.9275,0.9764
225,0.6362,0.2673,0.9276,0.9763
226,0.6191,0.2675,0.9279,0.9762
227,0.6088,0.2678,0.9273,0.9763
228,0.6335,0.2681,0.9273,0.9765
229,0.6168,0.2681,0.9267,0.9767
230,0.6417,0.2682,0.9270,0.9768
231,0.6576,0.2684,0.9275,0.9766
232,0.6006,0.2684,0.9279,0.9768
233,0.6371,0.2685,0.9276,0.9770
234,0.5880,0.2687,0.9281,0.9768
235,0.6497,0.2689,0.9281,0.9769
236,0.6493,0.2690,0.9278,0.9767
237,0.6479,0.2692,0.9283,0.9764
238,0.6274,0.2694,0.9284,0.9763
239,0.6378,0.2694,0.9286,0.9763
240,0.6213,0.2695,0.9286,0.9764
241,0.6628,0.2695,0.9283,0.9765
242,0.6004,0.2697,0.9283,0.9765
243,0.5952,0.2699,0.9282,0.9764
244,0.6022,0.2701,0.9292,0.9762
245,0.5694,0.2704,0.9289,0.9765
246,0.6188,0.2704,0.9284,0.9766
247,0.5639,0.2704,0.9284,0.9766
248,0.5628,0.2705,0.9286,0.9766
249,0.5637,0.2707,0.9290,0.9765
250,0.5897,0.2709,0.9290,0.9761
251,0.5971,0.2710,0.9291,0.9762
252,0.5750,0.2711,0.9295,0.9760
253,0.5718,0.2713,0.9296,0.9760
254,0.5517,0.2714,0.9299,0.9759
255,0.5538,0.2716,0.9297,0.9758
256,0.5361,0.2719,0.9296,0.9759
257,0.5625,0.2721,0.9296,0.9757
258,0.5651,0.2724,0.9298,0.9757
259,0.5935,0.2727,0.9297,0.9757
260,0.5865,0.2731,0.9300,0.9758
261,0.5931,0.2734,0.9298,0.9756
262,0.5792,0.2737,0.9300,0.9758
263,0.5629,0.2740,0.9298,0.9760
264,0.5487,0.2744,0.9295,0.9758
265,0.6096,0.2747,0.9290,0.9760
266,0.5407,0.2749,0.9290,0.9761
267,0.5666,0.2751,0.9288,0.9759
268,0.6288,0.2754,0.9289,0.9756
269,0.5574,0.2756,0.9287,0.9755
270,0.5355,0.2759,0.9290,0.9755
271,0.5179,0.2760,0.9289,0.9754
272,0.5693,0.2763,0.9290,0.9755
273,0.5196,0.2767,0.9295,0.9751
274,0.5682,0.2770,0.9290,0.9751
275,0.5483,0.2772,0.9294,0.9751
276,0.5719,0.2776,0.9294,0.9752
277,0.5272,0.2778,0.9295,0.9753
278,0.5390,0.2781,0.9290,0.9754
279,0.6017,0.2784,0.9295,0.9752
280,0.5690,0.2787,0.9293,0.9751
281,0.5564,0.2791,0.9294,0.9751
282,0.5856,0.2793,0.9295,0.9752
283,0.5357,0.2796,0.9297,0.9753
284,0.5418,0.2799,0.9297,0.9753
285,0.5468,0.2802,0.9297,0.9753
286,0.5207,0.2804,0.9295,0.9752
287,0.5187,0.2807,0.9294,0.9752
288,0.5500,0.2809,0.9294,0.9752
289,0.5965,0.2811,0.9298,0.9753
290,0.5878,0.2814,0.9298,0.9753
291,0.5270,0.2816,0.9297,0.9754
292,0.5500,0.2819,0.9297,0.9754
293,0.5623,0.2821,0.9298,0.9753
294,0.5886,0.2823,0.9298,0.9751
295,0.5945,0.2825,0.9299,0.9752
296,0.5674,0.2827,0.9300,0.9750
297,0.5770,0.2829,0.9298,0.9749
298,0.5437,0.2831,0.9299,0.9750
299,0.6200,0.2833,0.9297,0.9750
300,0.7501,0.2816,0.9297,0.9749
301,0.7467,0.2791,0.9302,0.9752
302,0.7403,0.2771,0.9301,0.9754
303,0.7924,0.2752,0.9299,0.9758
304,0.7686,0.2734,0.9305,0.9759
305,0.7631,0.2721,0.9307,0.9762
306,0.7741,0.2708,0.9305,0.9764
307,0.8082,0.2692,0.9310,0.9766
308,0.7734,0.2676,0.9315,0.9771
309,0.7877,0.2664,0.9312,0.9769
310,0.7813,0.2652,0.9311,0.9771
311,0.8022,0.2644,0.9306,0.9767
312,0.7312,0.2640,0.9308,0.9763
313,0.7162,0.2632,0.9303,0.9763
314,0.7734,0.2624,0.9309,0.9762
315,0.7317,0.2617,0.9312,0.9762
316,0.7700,0.2610,0.9311,0.9762
317,0.7388,0.2604,0.9314,0.9762
318,0.7955,0.2599,0.9316,0.9764
319,0.7942,0.2594,0.9308,0.9761
320,0.7793,0.2592,0.9307,0.9762
321,0.7462,0.2589,0.9296,0.9761
322,0.7872,0.2584,0.9300,0.9765
323,0.8103,0.2573,0.9297,0.9764
324,0.7543,0.2566,0.9300,0.9765
325,0.7350,0.2561,0.9306,0.9767
326,0.7826,0.2557,0.9308,0.9768
327,0.7336,0.2550,0.9310,0.9770
328,0.7501,0.2540,0.9308,0.9768
329,0.7664,0.2536,0.9309,0.9764
330,0.7055,0.2533,0.9306,0.9768
331,0.8157,0.2529,0.9310,0.9767
332,0.6994,0.2524,0.9306,0.9766
333,0.7269,0.2517,0.9307,0.9767
334,0.7398,0.2512,0.9306,0.9766
335,0.7816,0.2510,0.9307,0.9765
336,0.7404,0.2507,0.9305,0.9765
337,0.7530,0.2506,0.9305,0.9765
338,0.7405,0.2507,0.9306,0.9766
339,0.7396,0.2508,0.9306,0.9767
340,0.7386,0.2506,0.9310,0.9767
341,0.7439,0.2506,0.9306,0.9762
342,0.7256,0.2506,0.9303,0.9763
343,0.6553,0.2509,0.9300,0.9764
344,0.7144,0.2509,0.9296,0.9765
345,0.7560,0.2506,0.9300,0.9763
346,0.7076,0.2508,0.9300,0.9761
347,0.7298,0.2512,0.9299,0.9760
348,0.7198,0.2514,0.9292,0.9761
349,0.7093,0.2512,0.9291,0.9761
350,0.7169,0.2511,0.9294,0.9756

Hybrid:
epoch,train_loss,val_loss,val_acc,top2_acc
0,2.1069,2.2534,0.1988,0.3515
1,1.8586,2.1390,0.2379,0.3870
2,1.6992,2.0866,0.2401,0.4091
3,1.5921,2.0679,0.2255,0.4243
4,1.5194,2.0601,0.2198,0.4155
5,1.4485,2.0526,0.2209,0.4147
6,1.4405,2.0465,0.2228,0.4193
7,1.3784,2.0276,0.2329,0.4340
8,1.3627,2.0100,0.2434,0.4459
9,1.3232,1.9887,0.2570,0.4598
10,1.2698,1.9607,0.2735,0.4747
11,1.2513,1.9281,0.2934,0.4901
12,1.2214,1.8939,0.3092,0.5033
13,1.2232,1.8458,0.3292,0.5242
14,1.2139,1.7907,0.3514,0.5497
15,1.1471,1.7211,0.3785,0.5795
16,1.1572,1.6442,0.4065,0.6106
17,1.1408,1.5540,0.4423,0.6440
18,1.1614,1.4617,0.4804,0.6773
19,1.0787,1.3714,0.5152,0.7095
20,1.0906,1.2800,0.5518,0.7414
21,1.0393,1.1890,0.5886,0.7685
22,1.0327,1.1017,0.6233,0.7967
23,1.0204,1.0255,0.6524,0.8187
24,1.0483,0.9591,0.6773,0.8354
25,1.0264,0.8992,0.6972,0.8507
26,1.0113,0.8450,0.7178,0.8630
27,0.9830,0.7977,0.7330,0.8754
28,0.9788,0.7549,0.7469,0.8840
29,0.9681,0.7156,0.7588,0.8933
30,0.9325,0.6809,0.7690,0.8993
31,0.9768,0.6492,0.7804,0.9071
32,0.9348,0.6201,0.7895,0.9139
33,0.9517,0.5930,0.7989,0.9205
34,0.9271,0.5687,0.8070,0.9248
35,0.9254,0.5469,0.8137,0.9290
36,0.8911,0.5259,0.8209,0.9325
37,0.9174,0.5073,0.8285,0.9355
38,0.9383,0.4906,0.8342,0.9383
39,0.8997,0.4751,0.8391,0.9404
40,0.8958,0.4605,0.8438,0.9422
41,0.8785,0.4471,0.8475,0.9452
42,0.8551,0.4351,0.8498,0.9456
43,0.8377,0.4236,0.8553,0.9474
44,0.8511,0.4126,0.8591,0.9490
45,0.8313,0.4023,0.8611,0.9504
46,0.7929,0.3924,0.8670,0.9528
47,0.7995,0.3833,0.8711,0.9547
48,0.8201,0.3749,0.8741,0.9558
49,0.8533,0.3678,0.8768,0.9559
50,0.8400,0.3607,0.8785,0.9572
51,0.8401,0.3543,0.8804,0.9587
52,0.7802,0.3483,0.8817,0.9597
53,0.7915,0.3424,0.8835,0.9605
54,0.8069,0.3370,0.8854,0.9618
55,0.7748,0.3320,0.8876,0.9623
56,0.7597,0.3274,0.8898,0.9627
57,0.7532,0.3233,0.8913,0.9630
58,0.7994,0.3193,0.8926,0.9636
59,0.7056,0.3156,0.8937,0.9641
60,0.7705,0.3119,0.8956,0.9645
61,0.7264,0.3085,0.8968,0.9647
62,0.7253,0.3055,0.8984,0.9653
63,0.7406,0.3026,0.8990,0.9661
64,0.6640,0.2999,0.9005,0.9667
65,0.7182,0.2973,0.9018,0.9674
66,0.7746,0.2949,0.9027,0.9679
67,0.7396,0.2924,0.9045,0.9678
68,0.7425,0.2901,0.9057,0.9684
69,0.6996,0.2880,0.9065,0.9686
70,0.6952,0.2861,0.9072,0.9685
71,0.7328,0.2842,0.9082,0.9689
72,0.7220,0.2825,0.9089,0.9691
73,0.7029,0.2809,0.9095,0.9694
74,0.7487,0.2792,0.9098,0.9697
75,0.6571,0.2777,0.9106,0.9702
76,0.7248,0.2762,0.9110,0.9704
77,0.7270,0.2749,0.9116,0.9708
78,0.6961,0.2735,0.9124,0.9712
79,0.6949,0.2721,0.9125,0.9715
80,0.6508,0.2709,0.9130,0.9716
81,0.7035,0.2697,0.9133,0.9718
82,0.7081,0.2687,0.9138,0.9715
83,0.7016,0.2677,0.9148,0.9717
84,0.6248,0.2667,0.9152,0.9720
85,0.6597,0.2658,0.9160,0.9720
86,0.6889,0.2649,0.9166,0.9722
87,0.6464,0.2641,0.9176,0.9726
88,0.6555,0.2632,0.9179,0.9729
89,0.6188,0.2625,0.9185,0.9727
90,0.6516,0.2618,0.9187,0.9730
91,0.6681,0.2611,0.9188,0.9730
92,0.6633,0.2606,0.9187,0.9731
93,0.6616,0.2600,0.9195,0.9731
94,0.6367,0.2594,0.9195,0.9734
95,0.7283,0.2588,0.9196,0.9733
96,0.6761,0.2583,0.9201,0.9734
97,0.6878,0.2578,0.9207,0.9735
98,0.6280,0.2573,0.9211,0.9735
99,0.6904,0.2569,0.9210,0.9736
100,0.7997,0.2559,0.9211,0.9738
101,0.8809,0.2548,0.9207,0.9745
102,0.8568,0.2539,0.9209,0.9748
103,0.8577,0.2529,0.9218,0.9750
104,0.8441,0.2519,0.9224,0.9754
105,0.8171,0.2514,0.9222,0.9750
106,0.8315,0.2508,0.9221,0.9752
107,0.8488,0.2502,0.9223,0.9749
108,0.8271,0.2497,0.9220,0.9751
109,0.7945,0.2492,0.9219,0.9750
110,0.8024,0.2489,0.9218,0.9752
111,0.8090,0.2482,0.9213,0.9762
112,0.8576,0.2475,0.9220,0.9765
113,0.7891,0.2467,0.9226,0.9769
114,0.7993,0.2463,0.9230,0.9769
115,0.8092,0.2461,0.9227,0.9771
116,0.7921,0.2459,0.9224,0.9770
117,0.7875,0.2457,0.9221,0.9769
118,0.7855,0.2454,0.9215,0.9769
119,0.7745,0.2449,0.9217,0.9771
120,0.7849,0.2445,0.9215,0.9775
121,0.8184,0.2442,0.9218,0.9782
122,0.8085,0.2440,0.9228,0.9783
123,0.7856,0.2437,0.9233,0.9786
124,0.7852,0.2435,0.9232,0.9784
125,0.8077,0.2430,0.9233,0.9779
126,0.7561,0.2426,0.9236,0.9777
127,0.7702,0.2421,0.9242,0.9777
128,0.8181,0.2414,0.9246,0.9776
129,0.7467,0.2411,0.9243,0.9777
130,0.7529,0.2408,0.9238,0.9768
131,0.7683,0.2401,0.9238,0.9766
132,0.7455,0.2397,0.9232,0.9768
133,0.8383,0.2392,0.9228,0.9771
134,0.7781,0.2387,0.9231,0.9776
135,0.7509,0.2383,0.9231,0.9776
136,0.7507,0.2379,0.9232,0.9778
137,0.7717,0.2376,0.9241,0.9781
138,0.7530,0.2374,0.9238,0.9784
139,0.7266,0.2371,0.9235,0.9783
140,0.7234,0.2366,0.9239,0.9783
141,0.7890,0.2359,0.9239,0.9784
142,0.7421,0.2357,0.9242,0.9785
143,0.7469,0.2355,0.9236,0.9788
144,0.7424,0.2353,0.9243,0.9790
145,0.7630,0.2350,0.9247,0.9791
146,0.7674,0.2345,0.9253,0.9792
147,0.7078,0.2342,0.9254,0.9793
148,0.7596,0.2337,0.9250,0.9792
149,0.6905,0.2332,0.9257,0.9788
150,0.6964,0.2329,0.9263,0.9791
151,0.7420,0.2327,0.9264,0.9791
152,0.7335,0.2325,0.9271,0.9795
153,0.7136,0.2324,0.9273,0.9792
154,0.7380,0.2322,0.9273,0.9792
155,0.7156,0.2318,0.9279,0.9794
156,0.7141,0.2316,0.9276,0.9796
157,0.7038,0.2314,0.9282,0.9797
158,0.7333,0.2310,0.9284,0.9796
159,0.7250,0.2305,0.9284,0.9798
160,0.6994,0.2301,0.9285,0.9800
161,0.7266,0.2297,0.9288,0.9801
162,0.6912,0.2292,0.9296,0.9799
163,0.6977,0.2288,0.9297,0.9795
164,0.6431,0.2285,0.9296,0.9796
165,0.6800,0.2282,0.9298,0.9797
166,0.6865,0.2276,0.9302,0.9803
167,0.6644,0.2272,0.9303,0.9805
168,0.6363,0.2269,0.9305,0.9807
169,0.6538,0.2264,0.9311,0.9809
170,0.6764,0.2258,0.9316,0.9808
171,0.6660,0.2253,0.9312,0.9809
172,0.6992,0.2250,0.9310,0.9808
173,0.6641,0.2245,0.9312,0.9804
174,0.6349,0.2243,0.9314,0.9807
175,0.6822,0.2239,0.9315,0.9804
176,0.6391,0.2235,0.9319,0.9802
177,0.6448,0.2230,0.9323,0.9800
178,0.6754,0.2226,0.9326,0.9800
179,0.6909,0.2223,0.9325,0.9799
180,0.6823,0.2219,0.9327,0.9802
181,0.7098,0.2218,0.9329,0.9799
182,0.6379,0.2215,0.9332,0.9804
183,0.7191,0.2210,0.9336,0.9804
184,0.6088,0.2207,0.9346,0.9807
185,0.6678,0.2204,0.9343,0.9810
186,0.6379,0.2199,0.9348,0.9811
187,0.6136,0.2193,0.9357,0.9810
188,0.5979,0.2189,0.9359,0.9813
189,0.6892,0.2185,0.9364,0.9813
190,0.6193,0.2182,0.9362,0.9813
191,0.6694,0.2180,0.9366,0.9811
192,0.6184,0.2180,0.9370,0.9816
193,0.6325,0.2180,0.9367,0.9815
194,0.6234,0.2178,0.9365,0.9815
195,0.6083,0.2174,0.9369,0.9814
196,0.6506,0.2170,0.9371,0.9818
197,0.6374,0.2168,0.9375,0.9814
198,0.6224,0.2165,0.9377,0.9813
199,0.6836,0.2162,0.9379,0.9814
200,0.6326,0.2160,0.9379,0.9813
201,0.6368,0.2159,0.9377,0.9816
202,0.5893,0.2157,0.9373,0.9813
203,0.5799,0.2154,0.9373,0.9815
204,0.6365,0.2151,0.9380,0.9813
205,0.6058,0.2149,0.9381,0.9813
206,0.6014,0.2147,0.9389,0.9813
207,0.6386,0.2145,0.9392,0.9809
208,0.5927,0.2143,0.9396,0.9808
209,0.5042,0.2141,0.9393,0.9813
210,0.6195,0.2139,0.9392,0.9814
211,0.5958,0.2137,0.9391,0.9815
212,0.6359,0.2134,0.9394,0.9814
213,0.5729,0.2134,0.9396,0.9814
214,0.5873,0.2135,0.9397,0.9812
215,0.6127,0.2134,0.9393,0.9812
216,0.5921,0.2135,0.9391,0.9811
217,0.5538,0.2134,0.9388,0.9809
218,0.6026,0.2133,0.9390,0.9808
219,0.6476,0.2133,0.9393,0.9807
220,0.5825,0.2134,0.9395,0.9806
221,0.5524,0.2136,0.9394,0.9806
222,0.5709,0.2136,0.9395,0.9805
223,0.5942,0.2135,0.9396,0.9802
224,0.6181,0.2134,0.9392,0.9803
225,0.5959,0.2134,0.9394,0.9806
226,0.5341,0.2136,0.9398,0.9808
227,0.5433,0.2138,0.9394,0.9808
228,0.6008,0.2140,0.9398,0.9813
229,0.5557,0.2142,0.9402,0.9815
230,0.6053,0.2144,0.9403,0.9817
231,0.6059,0.2146,0.9410,0.9819
232,0.5405,0.2149,0.9415,0.9820
233,0.5346,0.2149,0.9413,0.9817
234,0.5561,0.2150,0.9411,0.9818
235,0.5944,0.2151,0.9409,0.9818
236,0.5881,0.2152,0.9410,0.9818
237,0.5598,0.2154,0.9413,0.9817
238,0.6011,0.2155,0.9416,0.9817
239,0.5546,0.2155,0.9421,0.9819
240,0.5388,0.2155,0.9423,0.9819
241,0.5460,0.2154,0.9426,0.9818
242,0.4991,0.2153,0.9424,0.9816
243,0.5141,0.2154,0.9426,0.9817
244,0.5700,0.2154,0.9425,0.9818
245,0.5660,0.2154,0.9427,0.9815
246,0.5943,0.2153,0.9431,0.9815
247,0.5503,0.2153,0.9434,0.9814
248,0.5012,0.2153,0.9436,0.9814
249,0.5339,0.2154,0.9442,0.9817
250,0.5334,0.2154,0.9437,0.9815
251,0.5348,0.2155,0.9437,0.9816
252,0.5238,0.2155,0.9436,0.9817
253,0.5236,0.2155,0.9434,0.9815
254,0.5292,0.2157,0.9434,0.9818
255,0.5370,0.2159,0.9438,0.9819
256,0.4972,0.2162,0.9437,0.9819
257,0.5250,0.2164,0.9439,0.9819
258,0.5535,0.2166,0.9438,0.9820
259,0.5637,0.2169,0.9439,0.9819
260,0.5114,0.2170,0.9435,0.9821
261,0.5076,0.2171,0.9436,0.9820
262,0.5704,0.2170,0.9439,0.9820
263,0.5187,0.2170,0.9439,0.9821
264,0.5098,0.2171,0.9441,0.9823
265,0.5142,0.2171,0.9439,0.9821
266,0.4977,0.2171,0.9441,0.9820
267,0.5273,0.2169,0.9442,0.9820
268,0.4874,0.2169,0.9443,0.9822
269,0.5209,0.2169,0.9446,0.9825
270,0.5192,0.2169,0.9447,0.9822
271,0.5246,0.2170,0.9441,0.9823
272,0.5447,0.2169,0.9442,0.9824
273,0.5343,0.2169,0.9441,0.9823
274,0.5522,0.2169,0.9443,0.9824
275,0.5085,0.2169,0.9446,0.9823
276,0.5187,0.2169,0.9446,0.9826
277,0.4694,0.2169,0.9448,0.9827
278,0.5093,0.2170,0.9449,0.9828
279,0.5353,0.2171,0.9448,0.9828
280,0.4627,0.2172,0.9449,0.9827
281,0.5153,0.2174,0.9449,0.9830
282,0.5216,0.2175,0.9449,0.9830
283,0.5059,0.2178,0.9451,0.9829
284,0.4507,0.2180,0.9455,0.9826
285,0.5022,0.2182,0.9456,0.9827
286,0.5492,0.2183,0.9456,0.9826
287,0.5021,0.2184,0.9457,0.9827
288,0.4762,0.2186,0.9457,0.9826
289,0.5114,0.2187,0.9453,0.9826
290,0.4999,0.2190,0.9456,0.9826
291,0.5005,0.2192,0.9455,0.9826
292,0.5130,0.2194,0.9454,0.9826
293,0.5427,0.2195,0.9453,0.9825
294,0.5008,0.2197,0.9451,0.9825
295,0.4991,0.2199,0.9451,0.9824
296,0.5243,0.2200,0.9449,0.9824
297,0.4826,0.2202,0.9449,0.9826
298,0.5039,0.2203,0.9451,0.9826
299,0.4895,0.2205,0.9452,0.9826
300,0.7026,0.2184,0.9448,0.9825
301,0.7142,0.2153,0.9452,0.9824
302,0.7308,0.2129,0.9462,0.9826
303,0.7318,0.2106,0.9464,0.9830
304,0.6984,0.2088,0.9465,0.9827
305,0.7253,0.2074,0.9464,0.9827
306,0.7416,0.2062,0.9461,0.9833
307,0.7115,0.2051,0.9467,0.9831
308,0.7259,0.2041,0.9469,0.9834
309,0.7161,0.2032,0.9480,0.9833
310,0.7251,0.2019,0.9480,0.9834
311,0.7586,0.2010,0.9478,0.9835
312,0.7243,0.2000,0.9483,0.9836
313,0.6619,0.1993,0.9485,0.9835
314,0.6810,0.1984,0.9479,0.9836
315,0.6590,0.1978,0.9483,0.9835
316,0.7339,0.1971,0.9478,0.9833
317,0.7514,0.1968,0.9478,0.9836
318,0.7057,0.1966,0.9477,0.9834
319,0.6996,0.1963,0.9479,0.9834
320,0.6903,0.1960,0.9486,0.9834
321,0.6923,0.1958,0.9485,0.9830
322,0.6955,0.1953,0.9483,0.9829
323,0.7005,0.1951,0.9479,0.9834
324,0.6984,0.1952,0.9475,0.9835
325,0.6834,0.1951,0.9467,0.9834
326,0.6781,0.1948,0.9470,0.9833
327,0.6845,0.1948,0.9465,0.9835
328,0.6845,0.1945,0.9467,0.9840
329,0.6529,0.1944,0.9469,0.9840
330,0.6601,0.1939,0.9472,0.9836
331,0.7139,0.1934,0.9471,0.9835
332,0.6865,0.1931,0.9469,0.9834
333,0.6886,0.1929,0.9462,0.9835
334,0.7225,0.1927,0.9459,0.9834
335,0.6265,0.1924,0.9456,0.9835
336,0.7128,0.1925,0.9452,0.9833
337,0.6774,0.1922,0.9452,0.9835
338,0.6610,0.1919,0.9454,0.9834
339,0.6959,0.1916,0.9457,0.9836
340,0.6905,0.1913,0.9455,0.9836
341,0.6608,0.1911,0.9454,0.9834
342,0.6847,0.1912,0.9452,0.9833
343,0.6577,0.1911,0.9452,0.9831
344,0.6508,0.1913,0.9452,0.9831
345,0.6631,0.1914,0.9444,0.9832
346,0.6624,0.1912,0.9446,0.9832
347,0.7162,0.1913,0.9447,0.9831
348,0.6575,0.1913,0.9449,0.9829
349,0.6656,0.1918,0.9445,0.9829
350,0.6555,0.1921,0.9444,0.9830
