Standard:
epoch,train_loss,val_loss,top1_acc,top2_acc
0,2.107977,2.342556,0.086500,0.178500
1,1.981449,2.292372,0.119000,0.209700
2,1.866455,2.230518,0.176400,0.305700
3,1.786821,2.164361,0.224200,0.394900
4,1.740668,2.095307,0.255900,0.458200
5,1.721957,2.023894,0.289900,0.504400
6,1.667891,1.952312,0.332600,0.540300
7,1.630540,1.879472,0.369300,0.577100
8,1.591637,1.807789,0.405000,0.604700
9,1.569343,1.739844,0.436000,0.629200
10,1.559062,1.675386,0.459500,0.654100
11,1.525357,1.612461,0.482800,0.677600
12,1.486070,1.552550,0.505000,0.695300
13,1.518167,1.498484,0.520600,0.712700
14,1.514403,1.446655,0.538500,0.724600
15,1.455766,1.395656,0.552300,0.736500
16,1.443258,1.348539,0.566500,0.748200
17,1.478549,1.305824,0.579900,0.757200
18,1.426628,1.264318,0.590600,0.766100
19,1.418233,1.221714,0.604900,0.778300
20,1.437969,1.179487,0.618600,0.789100
21,1.405951,1.139394,0.630800,0.799300
22,1.424669,1.101601,0.645900,0.809200
23,1.403134,1.063434,0.659400,0.817800
24,1.371836,1.024664,0.671800,0.829100
25,1.353822,0.987331,0.684300,0.837600
26,1.350380,0.950261,0.697300,0.846300
27,1.330898,0.916713,0.709000,0.852800
28,1.391776,0.886509,0.720200,0.857900
29,1.336259,0.857239,0.731200,0.865100
30,1.389545,0.829712,0.739700,0.873000
31,1.319334,0.803983,0.748000,0.879300
32,1.344152,0.780327,0.756700,0.884500
33,1.314700,0.757602,0.763300,0.890300
34,1.321674,0.736804,0.769200,0.895900
35,1.320129,0.716736,0.774300,0.899800
36,1.337031,0.697666,0.779600,0.904100
37,1.277094,0.679414,0.785500,0.908600
38,1.305424,0.662101,0.790500,0.911800
39,1.286110,0.646150,0.794900,0.916400
40,1.251271,0.630644,0.798700,0.918800
41,1.248496,0.616486,0.804400,0.922000
42,1.275046,0.603626,0.810300,0.924400
43,1.298038,0.590929,0.814400,0.926500
44,1.269778,0.579414,0.818800,0.928800
45,1.264723,0.569042,0.821900,0.930900
46,1.238875,0.558931,0.824300,0.932500
47,1.245707,0.549180,0.826600,0.935000
48,1.236921,0.540076,0.829900,0.936300
49,1.252045,0.531989,0.833500,0.937600
50,1.206004,0.523651,0.836700,0.939000
51,1.260487,0.516010,0.839100,0.940100
52,1.216593,0.508711,0.841000,0.941700
53,1.224289,0.501631,0.844100,0.942900
54,1.253217,0.494930,0.845800,0.943300
55,1.212988,0.488709,0.847600,0.945200
56,1.208015,0.482384,0.850200,0.946000
57,1.239929,0.476546,0.851300,0.947000
58,1.213768,0.470730,0.854300,0.948100
59,1.219892,0.465064,0.856300,0.948700
60,1.206527,0.459341,0.857700,0.949500
61,1.184297,0.453991,0.859100,0.950300
62,1.218952,0.449006,0.861200,0.951200
63,1.216208,0.444600,0.863600,0.951900
64,1.206805,0.440180,0.865200,0.952900
65,1.211008,0.436095,0.866200,0.953900
66,1.194974,0.431923,0.866900,0.954800
67,1.204274,0.428220,0.868400,0.955300
68,1.168263,0.424366,0.869000,0.955600
69,1.215275,0.420866,0.870100,0.956000
70,1.175174,0.417394,0.872900,0.956600
71,1.209029,0.413779,0.874600,0.956700
72,1.192311,0.410411,0.876300,0.957300
73,1.167924,0.407068,0.877700,0.957300
74,1.164036,0.403820,0.879400,0.958100
75,1.179290,0.400841,0.880900,0.958900
76,1.155865,0.397878,0.881300,0.959800
77,1.175994,0.395122,0.883300,0.960300
78,1.185577,0.392324,0.884400,0.960700
79,1.139456,0.389679,0.885100,0.960800
80,1.215316,0.387318,0.885400,0.961700
81,1.129614,0.384728,0.886400,0.961800
82,1.211558,0.382422,0.886300,0.961900
83,1.144642,0.379837,0.886700,0.962200
84,1.151897,0.377487,0.887700,0.962300
85,1.198511,0.375234,0.888400,0.962800
86,1.157990,0.373085,0.888900,0.962900
87,1.154034,0.371054,0.889500,0.963200
88,1.157699,0.369120,0.890700,0.963400
89,1.172317,0.367056,0.890600,0.963800
90,1.176500,0.365134,0.892000,0.964500
91,1.138854,0.363358,0.893000,0.964800
92,1.160661,0.361644,0.893300,0.965000
93,1.117585,0.360016,0.894200,0.965200
94,1.168584,0.358349,0.895700,0.965200
95,1.144515,0.356666,0.896100,0.965900
96,1.125028,0.355014,0.896900,0.966700
97,1.135787,0.353507,0.897300,0.966700
98,1.131686,0.351961,0.898800,0.966900
99,1.102068,0.350487,0.899300,0.967200
100,1.143446,0.349122,0.899400,0.967400
101,1.124004,0.347822,0.899700,0.967400
102,1.137488,0.346623,0.900800,0.967700
103,1.116876,0.345433,0.901400,0.967300
104,1.083396,0.344225,0.901500,0.967700
105,1.081536,0.343096,0.901400,0.968000
106,1.118189,0.341852,0.903200,0.968400
107,1.106835,0.340773,0.904100,0.968300
108,1.124499,0.339865,0.903300,0.968700
109,1.057802,0.338723,0.904900,0.968900
110,1.134393,0.337680,0.904900,0.968700
111,1.107900,0.336850,0.905200,0.968800
112,1.117369,0.336021,0.905800,0.968400
113,1.101244,0.335152,0.906200,0.968800
114,1.147129,0.334238,0.906900,0.968600
115,1.123708,0.333296,0.907400,0.968400
116,1.105700,0.332371,0.907700,0.968500
117,1.091208,0.331562,0.907500,0.968400
118,1.135199,0.330857,0.907800,0.968500
119,1.117692,0.330032,0.908400,0.968700
120,1.113686,0.329348,0.908800,0.968600
121,1.062259,0.328933,0.908800,0.968700
122,1.096103,0.328194,0.910300,0.968900
123,1.071979,0.327748,0.910500,0.969000
124,1.071072,0.327011,0.911000,0.969000
125,1.090231,0.326398,0.911000,0.969300
126,1.091631,0.325818,0.910600,0.969600
127,1.120348,0.325219,0.911100,0.969500
128,1.097907,0.324754,0.911600,0.969300
129,1.082861,0.324330,0.911300,0.969500
130,1.084731,0.323885,0.911200,0.969700
131,1.108812,0.323371,0.911300,0.969700
132,1.093838,0.322840,0.911500,0.970000
133,1.079034,0.322405,0.912500,0.970400
134,1.091797,0.322074,0.912800,0.970500
135,1.074278,0.321880,0.912700,0.970600
136,1.047444,0.321549,0.912300,0.970300
137,1.057701,0.321234,0.912500,0.970300
138,1.062156,0.320923,0.913000,0.970500
139,1.057314,0.320545,0.913200,0.970900
140,1.078426,0.320133,0.913600,0.971000
141,1.083352,0.319615,0.914000,0.971500
142,1.013629,0.319245,0.915300,0.971800
143,1.054993,0.318756,0.915700,0.972000
144,1.055686,0.318465,0.915900,0.972000
145,1.051352,0.318205,0.916300,0.972200
146,1.044839,0.317867,0.916500,0.972800
147,1.086542,0.317595,0.916700,0.972600
148,1.021760,0.317174,0.917100,0.972500
149,1.047240,0.316964,0.918200,0.972300
150,1.067415,0.316666,0.917800,0.972500
151,1.051927,0.316369,0.917100,0.972700
152,1.066346,0.315953,0.917400,0.972700
153,1.051976,0.315740,0.917300,0.972500
154,1.068626,0.315627,0.917300,0.972500
155,1.054054,0.315548,0.918100,0.972300
156,1.085679,0.315337,0.918000,0.971900
157,1.020347,0.315034,0.918200,0.972000
158,1.039628,0.314774,0.918300,0.972200
159,1.002662,0.314777,0.918300,0.971900
160,1.035295,0.314639,0.919300,0.971700
161,1.071746,0.314500,0.919300,0.971800
162,1.047691,0.314417,0.919100,0.971800
163,1.049602,0.314377,0.919000,0.971800
164,1.078372,0.314384,0.918900,0.971800
165,0.977055,0.314198,0.918800,0.971900
166,1.046854,0.314196,0.918900,0.972000
167,0.997244,0.314033,0.919200,0.972200
168,1.015692,0.313682,0.919700,0.972200
169,1.083749,0.313365,0.920500,0.971900
170,1.022323,0.313271,0.921100,0.971900
171,1.033601,0.312856,0.921300,0.971800
172,1.037746,0.312368,0.921000,0.971700
173,1.045936,0.312082,0.921600,0.971900
174,1.060457,0.311774,0.921700,0.972100
175,1.019570,0.311487,0.921700,0.972200
176,1.068791,0.311162,0.922300,0.972100
177,1.035478,0.310767,0.921800,0.972000
178,1.031887,0.310315,0.922600,0.972000
179,0.994943,0.310166,0.922900,0.971900
180,1.003547,0.310013,0.923000,0.971800
181,1.035671,0.309857,0.922900,0.971900
182,0.975503,0.309603,0.922800,0.972100
183,1.044669,0.309388,0.923500,0.971900
184,0.977102,0.309221,0.923200,0.972200
185,0.997519,0.309032,0.923000,0.972400
186,1.033959,0.308758,0.923100,0.972400
187,1.032306,0.308524,0.923200,0.972600
188,0.993985,0.308071,0.923200,0.972800
189,0.998892,0.307874,0.923200,0.973000
190,1.014971,0.307719,0.923100,0.973300
191,0.986156,0.307564,0.922800,0.973400
192,0.973891,0.307269,0.923600,0.973800
193,1.006011,0.307000,0.924000,0.974200
194,1.022175,0.306850,0.923700,0.974300
195,0.978786,0.306542,0.923800,0.974300
196,0.994392,0.306461,0.924500,0.974200
197,1.000050,0.306362,0.924700,0.974100
198,1.009046,0.306253,0.924800,0.973900
199,0.962422,0.306129,0.925100,0.974000
200,0.999925,0.305979,0.924900,0.974000
201,0.994001,0.305862,0.925100,0.974200
202,0.962452,0.305719,0.925400,0.974000
203,1.006159,0.305485,0.925500,0.974400
204,0.971443,0.305394,0.926400,0.974500
205,0.958947,0.305314,0.926400,0.974600
206,0.974983,0.305262,0.926400,0.974500
207,1.000234,0.305165,0.926200,0.974600
208,0.965796,0.305085,0.926300,0.974400
209,0.958801,0.305102,0.926300,0.974200
210,0.975356,0.305038,0.927400,0.974400
211,1.000452,0.305079,0.927300,0.974600
212,0.965950,0.305079,0.927400,0.974500
213,0.948187,0.305021,0.927200,0.974600
214,0.939435,0.305001,0.926500,0.974600
215,0.988609,0.304983,0.926400,0.974600
216,0.963511,0.304952,0.927000,0.974500
217,1.014185,0.304919,0.926700,0.974600
218,0.951844,0.304908,0.927100,0.974200
219,0.962179,0.304936,0.926900,0.974000
220,0.971451,0.304979,0.927200,0.974400
221,0.991805,0.305143,0.927100,0.974300
222,0.973129,0.305405,0.926800,0.974000
223,0.975551,0.305531,0.926900,0.973800
224,0.945854,0.305630,0.926800,0.973700
225,0.931823,0.305725,0.926600,0.973700
226,0.959623,0.305734,0.926800,0.973300
227,0.965960,0.305706,0.927500,0.973600
228,0.952281,0.305609,0.927900,0.973800
229,1.008370,0.305652,0.927900,0.973600
230,0.989467,0.305745,0.928000,0.973600
231,0.962601,0.305840,0.928500,0.973800
232,1.003732,0.305834,0.928400,0.973500
233,0.935334,0.305750,0.928700,0.973500
234,0.952530,0.305709,0.928700,0.973600
235,0.978032,0.305668,0.928800,0.973300
236,0.900536,0.305579,0.928900,0.973200
237,0.970197,0.305541,0.928800,0.973400
238,0.967115,0.305400,0.928900,0.973500
239,0.956865,0.305510,0.929100,0.973200
240,0.942484,0.305551,0.929400,0.973100
241,0.936683,0.305583,0.929100,0.973000
242,0.964621,0.305740,0.929500,0.973100
243,0.981637,0.305924,0.928800,0.973400
244,0.942811,0.306047,0.928800,0.973400
245,0.933866,0.306093,0.928800,0.973600
246,0.945480,0.306268,0.928300,0.973400
247,0.956396,0.306477,0.928200,0.973200
248,0.915056,0.306604,0.928300,0.973400
249,0.938787,0.306680,0.928000,0.973400
250,0.921629,0.306811,0.927900,0.973200
251,0.961442,0.306974,0.927900,0.973200
252,0.921781,0.307242,0.927600,0.973400
253,0.923709,0.307456,0.927200,0.973500
254,0.914139,0.307634,0.927500,0.973200
255,0.976474,0.307721,0.927600,0.973200
256,0.911947,0.307810,0.927400,0.973000
257,0.926536,0.307842,0.928000,0.973000
258,0.918156,0.307931,0.927600,0.973300
259,0.963598,0.308009,0.927800,0.973500
260,0.911617,0.308079,0.928100,0.973400
261,0.931450,0.308203,0.928200,0.973600
262,0.921238,0.308326,0.928200,0.973300
263,0.922756,0.308465,0.927900,0.973500
264,0.891632,0.308651,0.927700,0.973000
265,0.942105,0.308881,0.927800,0.973300
266,0.898482,0.309065,0.927400,0.973400
267,0.937236,0.309215,0.927200,0.973100
268,0.940569,0.309369,0.927200,0.973000
269,0.919582,0.309501,0.927000,0.973200
270,0.939266,0.309657,0.926900,0.973200
271,0.926061,0.309794,0.927200,0.973100
272,0.936464,0.309850,0.927500,0.973100
273,0.925538,0.309923,0.927400,0.973100
274,0.972634,0.310009,0.927500,0.973200
275,0.971631,0.310081,0.927800,0.973200
276,0.927681,0.310170,0.927700,0.973100
277,0.916879,0.310292,0.927900,0.973000
278,0.920328,0.310433,0.927500,0.972800
279,0.929346,0.310585,0.927400,0.972900
280,0.932812,0.310720,0.926800,0.972800
281,0.933176,0.310833,0.926900,0.972800
282,0.902852,0.310952,0.926900,0.972800
283,0.942349,0.311059,0.926800,0.972400
284,0.903241,0.311176,0.926500,0.972400
285,0.890388,0.311258,0.926500,0.972400
286,0.899440,0.311377,0.926600,0.972500
287,0.911636,0.311489,0.926600,0.972400
288,0.915298,0.311653,0.926000,0.972400
289,0.914122,0.311786,0.926200,0.972300
290,0.924126,0.311929,0.926100,0.972300
291,0.935544,0.312059,0.926300,0.972200
292,0.918034,0.312161,0.926400,0.972200
293,0.933003,0.312279,0.926200,0.972300
294,0.916602,0.312406,0.926100,0.972200
295,0.901145,0.312506,0.925900,0.972200
296,0.921306,0.312581,0.925800,0.972300
297,0.841713,0.312667,0.925700,0.972300
298,0.910975,0.312769,0.925900,0.972300
299,0.948459,0.312883,0.926000,0.972400
300,0.890840,0.312990,0.926000,0.972600

Hybrid:
epoch,train_loss,val_loss,top1_acc,top2_acc
0,2.112876,2.309410,0.122000,0.221900
1,1.975264,2.246409,0.152000,0.265500
2,1.896222,2.175123,0.185900,0.357300
3,1.822099,2.104181,0.229700,0.398900
4,1.794774,2.040633,0.265600,0.436100
5,1.738851,1.980928,0.293600,0.468900
6,1.685161,1.924455,0.318300,0.499800
7,1.660596,1.867764,0.343300,0.533800
8,1.634805,1.810707,0.370900,0.561400
9,1.608531,1.753045,0.395300,0.591000
10,1.559545,1.695124,0.417500,0.619100
11,1.552880,1.637955,0.438000,0.644500
12,1.576011,1.579362,0.461400,0.666600
13,1.509756,1.520729,0.482600,0.689600
14,1.521523,1.463008,0.502400,0.711600
15,1.501208,1.408438,0.522600,0.730900
16,1.475922,1.355156,0.547700,0.750600
17,1.477629,1.303788,0.569800,0.766100
18,1.462736,1.252489,0.587300,0.780500
19,1.428443,1.204230,0.606500,0.795000
20,1.430850,1.158503,0.621100,0.807700
21,1.449433,1.114445,0.637700,0.820100
22,1.381428,1.075101,0.650400,0.829900
23,1.378120,1.036429,0.666300,0.838200
24,1.389711,0.998183,0.677900,0.846600
25,1.398243,0.963397,0.692000,0.854700
26,1.408594,0.930016,0.705700,0.862600
27,1.358728,0.898015,0.719000,0.868300
28,1.362289,0.869137,0.728700,0.872300
29,1.367689,0.843286,0.737100,0.877400
30,1.376045,0.819407,0.743400,0.882400
31,1.298669,0.796306,0.751300,0.886400
32,1.364171,0.775886,0.758300,0.888900
33,1.303381,0.755779,0.764300,0.893300
34,1.329361,0.736687,0.771400,0.895900
35,1.305658,0.718282,0.775000,0.899600
36,1.301502,0.701330,0.780900,0.903000
37,1.267467,0.686150,0.786400,0.906500
38,1.287419,0.671230,0.790100,0.909400
39,1.291082,0.657532,0.794900,0.912000
40,1.285233,0.645535,0.798700,0.912900
41,1.275620,0.633832,0.801400,0.914800
42,1.285785,0.623157,0.805300,0.917800
43,1.236590,0.612412,0.809500,0.919800
44,1.278802,0.602221,0.811800,0.922200
45,1.318503,0.592630,0.815200,0.925000
46,1.277216,0.583051,0.817700,0.926700
47,1.242185,0.574225,0.820100,0.928200
48,1.243848,0.565243,0.821900,0.930300
49,1.242529,0.556939,0.826700,0.931600
50,1.227388,0.548631,0.831100,0.934700
51,1.256518,0.540658,0.833900,0.935100
52,1.225859,0.533544,0.838400,0.936000
53,1.272357,0.526835,0.840100,0.937800
54,1.267526,0.519972,0.842900,0.938800
55,1.260717,0.512880,0.844800,0.940300
56,1.235359,0.506143,0.848100,0.943100
57,1.230537,0.499624,0.849500,0.944200
58,1.228470,0.493288,0.852400,0.945100
59,1.222320,0.487115,0.854200,0.945800
60,1.190923,0.481065,0.856600,0.946200
61,1.214672,0.475457,0.858600,0.947000
62,1.221459,0.469257,0.861100,0.948400
63,1.224170,0.463563,0.863300,0.949000
64,1.239760,0.458100,0.865500,0.949400
65,1.218721,0.452983,0.866700,0.949900
66,1.200524,0.448104,0.868300,0.951100
67,1.183006,0.443253,0.870600,0.951700
68,1.217909,0.438994,0.871900,0.952300
69,1.226383,0.434533,0.873600,0.953100
70,1.170116,0.430016,0.874000,0.953800
71,1.193109,0.425698,0.875500,0.954900
72,1.217585,0.421493,0.877300,0.955100
73,1.164690,0.417640,0.878800,0.956100
74,1.209167,0.414283,0.879800,0.956700
75,1.185260,0.410756,0.881200,0.957100
76,1.162596,0.407253,0.883200,0.957700
77,1.162792,0.403866,0.884200,0.958700
78,1.185505,0.400700,0.885700,0.959600
79,1.180209,0.397425,0.887200,0.959500
80,1.169209,0.394024,0.887900,0.959900
81,1.161339,0.390770,0.889200,0.960800
82,1.175237,0.387852,0.889700,0.960900
83,1.153681,0.384910,0.891200,0.961000
84,1.153867,0.382068,0.892100,0.961900
85,1.148188,0.379256,0.893200,0.962200
86,1.129381,0.376536,0.894700,0.962600
87,1.181853,0.373814,0.894600,0.963200
88,1.166353,0.371253,0.896000,0.963500
89,1.136407,0.368785,0.897600,0.964100
90,1.119223,0.366415,0.897300,0.964100
91,1.149087,0.364176,0.898900,0.964400
92,1.153239,0.361993,0.900100,0.964700
93,1.116993,0.359701,0.900300,0.965200
94,1.132055,0.357589,0.900800,0.965500
95,1.145349,0.355652,0.901500,0.965800
96,1.144693,0.353715,0.901900,0.966200
97,1.128482,0.351961,0.901900,0.966000
98,1.140214,0.350115,0.903700,0.966300
99,1.146242,0.348465,0.904300,0.966600
100,1.124158,0.346680,0.904800,0.966900
101,1.133532,0.345151,0.905000,0.967700
102,1.113296,0.343553,0.905600,0.967600
103,1.154100,0.341864,0.906600,0.967600
104,1.128775,0.340283,0.907400,0.967700
105,1.148122,0.338885,0.907500,0.967900
106,1.107318,0.337417,0.907900,0.968200
107,1.096788,0.335909,0.907900,0.968600
108,1.125584,0.334531,0.908600,0.969000
109,1.084010,0.333219,0.909400,0.969100
110,1.122712,0.331995,0.909600,0.969200
111,1.138763,0.330781,0.911100,0.969100
112,1.101061,0.329693,0.911700,0.969400
113,1.155954,0.328677,0.912300,0.970200
114,1.127793,0.327825,0.912400,0.970300
115,1.114690,0.327003,0.912600,0.970300
116,1.125852,0.326105,0.913800,0.970600
117,1.096804,0.325314,0.914500,0.970500
118,1.088454,0.324506,0.915000,0.970100
119,1.097955,0.323732,0.915300,0.969900
120,1.107715,0.323038,0.915600,0.969800
121,1.073359,0.322198,0.915700,0.969900
122,1.080670,0.321416,0.915800,0.970100
123,1.103152,0.320610,0.916700,0.970300
124,1.089921,0.319834,0.917400,0.969800
125,1.116130,0.318971,0.917900,0.970000
126,1.114764,0.318111,0.917700,0.970300
127,1.065017,0.317383,0.917600,0.970400
128,1.086227,0.316717,0.918100,0.970800
129,1.068507,0.316010,0.918000,0.970900
130,1.094385,0.315547,0.918400,0.971400
131,1.069370,0.314998,0.918400,0.971100
132,1.113600,0.314458,0.918300,0.971200
133,1.079658,0.313903,0.918300,0.970800
134,1.085603,0.313195,0.918400,0.971200
135,1.068892,0.312663,0.919200,0.971300
136,1.076580,0.311978,0.919200,0.971900
137,1.069172,0.311520,0.919300,0.971900
138,1.106490,0.310982,0.919800,0.971700
139,1.087853,0.310316,0.920100,0.972100
140,1.071307,0.309785,0.920100,0.972400
141,1.094845,0.309295,0.920200,0.971900
142,1.082178,0.308806,0.920600,0.971900
143,1.053579,0.308208,0.921100,0.972000
144,1.081766,0.307750,0.921200,0.971900
145,1.078024,0.307379,0.921500,0.972100
146,1.048743,0.307034,0.921600,0.972200
147,1.085485,0.306687,0.921700,0.971900
148,1.042241,0.306268,0.921400,0.971800
149,1.085132,0.305779,0.921900,0.971700
150,1.077041,0.305329,0.922300,0.972100
151,1.046456,0.304841,0.922400,0.971900
152,1.047339,0.304447,0.922300,0.972300
153,1.039533,0.304018,0.922400,0.971700
154,1.029216,0.303723,0.923200,0.972000
155,1.054129,0.303415,0.923600,0.972000
156,1.019662,0.303015,0.923500,0.972000
157,1.046285,0.302596,0.923900,0.972200
158,1.041315,0.302261,0.924100,0.972000
159,1.005687,0.301840,0.924200,0.972000
160,1.034995,0.301509,0.924100,0.972300
161,1.037597,0.300992,0.925000,0.972700
162,1.040417,0.300425,0.925000,0.972700
163,1.054595,0.300036,0.925200,0.973000
164,1.056221,0.299653,0.925200,0.973100
165,1.021099,0.299192,0.925400,0.972900
166,1.037497,0.298684,0.925700,0.973000
167,1.054296,0.298281,0.925800,0.973300
168,1.014342,0.297870,0.925700,0.973300
169,1.005278,0.297323,0.926100,0.973500
170,1.025492,0.296937,0.925800,0.973800
171,1.046235,0.296422,0.926000,0.974100
172,1.020118,0.296028,0.925800,0.974000
173,1.008979,0.295628,0.926100,0.974200
174,1.020317,0.295395,0.926500,0.974400
175,0.992094,0.295048,0.926000,0.974400
176,1.022154,0.294683,0.926500,0.974700
177,1.048003,0.294455,0.927300,0.975000
178,1.016542,0.294249,0.927200,0.975200
179,1.054801,0.294090,0.927300,0.975200
180,1.008942,0.293787,0.927200,0.975300
181,1.035051,0.293517,0.927300,0.975200
182,1.006585,0.293411,0.927800,0.975700
183,1.037816,0.293136,0.928200,0.975300
184,0.967845,0.292911,0.928800,0.975300
185,1.008383,0.292806,0.929200,0.975400
186,0.990866,0.292694,0.929300,0.975000
187,0.996306,0.292504,0.929700,0.975400
188,0.988016,0.292214,0.929300,0.975300
189,1.031822,0.292176,0.929300,0.975000
190,1.009984,0.291927,0.929300,0.974900
191,0.982631,0.291643,0.929500,0.974900
192,1.013554,0.291420,0.929600,0.975400
193,0.994963,0.291116,0.929800,0.975500
194,0.991672,0.290993,0.929500,0.975800
195,0.996500,0.290782,0.929200,0.975900
196,1.015620,0.290571,0.929200,0.975600
197,0.997740,0.290143,0.929000,0.975800
198,0.979934,0.289775,0.929000,0.975700
199,1.002795,0.289432,0.929300,0.975700
200,0.981412,0.289115,0.929400,0.975700
201,0.957607,0.288916,0.930300,0.975500
202,0.973211,0.288792,0.930500,0.975600
203,0.994992,0.288541,0.930700,0.975700
204,0.965245,0.288385,0.931100,0.975600
205,0.948385,0.288262,0.930900,0.975700
206,0.990446,0.288206,0.931000,0.976000
207,1.018798,0.288121,0.931200,0.976100
208,0.995682,0.288029,0.930900,0.975800
209,0.978661,0.287876,0.930900,0.975600
210,0.986539,0.287800,0.931300,0.975600
211,0.979664,0.287600,0.931300,0.975600
212,0.926200,0.287402,0.931100,0.975300
213,1.005957,0.287280,0.931100,0.974900
214,0.941868,0.287227,0.931000,0.974800
215,0.974840,0.287180,0.931200,0.975000
216,0.967981,0.287084,0.931000,0.974900
217,0.986556,0.286968,0.930900,0.975000
218,0.962007,0.286673,0.931900,0.975400
219,0.958563,0.286397,0.931700,0.975700
220,0.986756,0.286183,0.932000,0.975800
221,1.005135,0.285969,0.932900,0.976000
222,0.938661,0.285750,0.933400,0.976000
223,0.938507,0.285538,0.933600,0.976200
224,0.946761,0.285361,0.933700,0.975900
225,0.933645,0.285306,0.933400,0.975600
226,0.930045,0.285127,0.933800,0.975800
227,0.965314,0.284987,0.933800,0.975700
228,0.951641,0.284899,0.934300,0.975600
229,0.940159,0.284868,0.933900,0.975700
230,0.941890,0.284767,0.934300,0.975800
231,0.946589,0.284724,0.934300,0.975900
232,0.922941,0.284754,0.934100,0.975900
233,0.960951,0.284788,0.934200,0.975700
234,0.978887,0.284826,0.934100,0.975800
235,0.961475,0.284731,0.934300,0.975600
236,0.951634,0.284563,0.934800,0.975800
237,0.949582,0.284442,0.934800,0.975900
238,0.937691,0.284367,0.934500,0.976000
239,0.957828,0.284182,0.934800,0.976400
240,0.931429,0.284125,0.935000,0.976600
241,0.924351,0.284045,0.934900,0.976400
242,0.899726,0.283852,0.934900,0.976100
243,0.937111,0.283710,0.934900,0.976000
244,0.933188,0.283614,0.935000,0.976000
245,0.927265,0.283483,0.935000,0.975700
246,0.937996,0.283447,0.935100,0.975500
247,0.943748,0.283440,0.935300,0.975500
248,0.925136,0.283406,0.935400,0.975700
249,0.955437,0.283410,0.935100,0.975700
250,0.949614,0.283482,0.935000,0.976100
251,0.939771,0.283501,0.935000,0.976000
252,0.946937,0.283585,0.935200,0.976200
253,0.927041,0.283713,0.935200,0.976200
254,0.936606,0.283859,0.935200,0.976100
255,0.924778,0.284025,0.935400,0.976100
256,0.931550,0.284060,0.935300,0.976200
257,0.979281,0.284167,0.935200,0.976100
258,0.928843,0.284215,0.935400,0.976200
259,0.899766,0.284291,0.935900,0.976100
260,0.909075,0.284281,0.936600,0.976100
261,0.894111,0.284363,0.936500,0.976300
262,0.964561,0.284459,0.936800,0.976500
263,0.953811,0.284511,0.936500,0.975900
264,0.925682,0.284627,0.936700,0.975700
265,0.933191,0.284683,0.936700,0.975700
266,0.928249,0.284760,0.936400,0.975500
267,0.917599,0.284921,0.936400,0.975400
268,0.945456,0.284998,0.936100,0.975500
269,0.913008,0.285036,0.936100,0.975200
270,0.919567,0.285137,0.936400,0.975100
271,0.894141,0.285258,0.936300,0.975000
272,0.928650,0.285357,0.936600,0.975000
273,0.911317,0.285475,0.936700,0.975000
274,0.922052,0.285624,0.936600,0.975000
275,0.928426,0.285786,0.936500,0.975000
276,0.946421,0.285881,0.936400,0.974800
277,0.915782,0.286011,0.936000,0.974700
278,0.919817,0.286173,0.935600,0.974500
279,0.912055,0.286336,0.935600,0.974500
280,0.911921,0.286546,0.935400,0.974600
281,0.906904,0.286740,0.935400,0.974600
282,0.914099,0.286913,0.935400,0.974700
283,0.919282,0.287063,0.935100,0.974600
284,0.893556,0.287181,0.935200,0.974500
285,0.903073,0.287322,0.935100,0.974400
286,0.884504,0.287520,0.935600,0.974300
287,0.908638,0.287692,0.935900,0.974200
288,0.906745,0.287876,0.935800,0.974300
289,0.904092,0.288025,0.935800,0.974200
290,0.922329,0.288180,0.936000,0.974300
291,0.940026,0.288343,0.936000,0.974200
292,0.910556,0.288502,0.935900,0.974200
293,0.903383,0.288668,0.936100,0.974100
294,0.921937,0.288826,0.936200,0.974300
295,0.895395,0.288984,0.936300,0.974300
296,0.901310,0.289134,0.936100,0.974300
297,0.927481,0.289282,0.936200,0.974400
298,0.928514,0.289424,0.936200,0.974400
299,0.926427,0.289566,0.936100,0.974500
300,0.959598,0.289714,0.936300,0.974500
